Archive member included because of file (symbol)

d:/research/pwc/arccore/com.arccore.a4.arm.bundle-win32.win32.x86_64/msys/opt/arm-none-eabi/bin/../lib/gcc/arm-none-eabi/4.8.2/../../../../arm-none-eabi/lib/thumb/armv7-m\libc.a(lib_a-abort.o)
                              EcuM.o (abort)
d:/research/pwc/arccore/com.arccore.a4.arm.bundle-win32.win32.x86_64/msys/opt/arm-none-eabi/bin/../lib/gcc/arm-none-eabi/4.8.2/../../../../arm-none-eabi/lib/thumb/armv7-m\libc.a(lib_a-fopen.o)
                              ramlog.o (fopen)
d:/research/pwc/arccore/com.arccore.a4.arm.bundle-win32.win32.x86_64/msys/opt/arm-none-eabi/bin/../lib/gcc/arm-none-eabi/4.8.2/../../../../arm-none-eabi/lib/thumb/armv7-m\libc.a(lib_a-fseek.o)
                              d:/research/pwc/arccore/com.arccore.a4.arm.bundle-win32.win32.x86_64/msys/opt/arm-none-eabi/bin/../lib/gcc/arm-none-eabi/4.8.2/../../../../arm-none-eabi/lib/thumb/armv7-m\libc.a(lib_a-fopen.o) (_fseek_r)
d:/research/pwc/arccore/com.arccore.a4.arm.bundle-win32.win32.x86_64/msys/opt/arm-none-eabi/bin/../lib/gcc/arm-none-eabi/4.8.2/../../../../arm-none-eabi/lib/thumb/armv7-m\libc.a(lib_a-fstatr.o)
                              d:/research/pwc/arccore/com.arccore.a4.arm.bundle-win32.win32.x86_64/msys/opt/arm-none-eabi/bin/../lib/gcc/arm-none-eabi/4.8.2/../../../../arm-none-eabi/lib/thumb/armv7-m\libc.a(lib_a-fseek.o) (_fstat_r)
d:/research/pwc/arccore/com.arccore.a4.arm.bundle-win32.win32.x86_64/msys/opt/arm-none-eabi/bin/../lib/gcc/arm-none-eabi/4.8.2/../../../../arm-none-eabi/lib/thumb/armv7-m\libc.a(lib_a-impure.o)
                              d:/research/pwc/arccore/com.arccore.a4.arm.bundle-win32.win32.x86_64/msys/opt/arm-none-eabi/bin/../lib/gcc/arm-none-eabi/4.8.2/../../../../arm-none-eabi/lib/thumb/armv7-m\libc.a(lib_a-fopen.o) (_impure_ptr)
d:/research/pwc/arccore/com.arccore.a4.arm.bundle-win32.win32.x86_64/msys/opt/arm-none-eabi/bin/../lib/gcc/arm-none-eabi/4.8.2/../../../../arm-none-eabi/lib/thumb/armv7-m\libc.a(lib_a-makebuf.o)
                              d:/research/pwc/arccore/com.arccore.a4.arm.bundle-win32.win32.x86_64/msys/opt/arm-none-eabi/bin/../lib/gcc/arm-none-eabi/4.8.2/../../../../arm-none-eabi/lib/thumb/armv7-m\libc.a(lib_a-fseek.o) (__smakebuf_r)
d:/research/pwc/arccore/com.arccore.a4.arm.bundle-win32.win32.x86_64/msys/opt/arm-none-eabi/bin/../lib/gcc/arm-none-eabi/4.8.2/../../../../arm-none-eabi/lib/thumb/armv7-m\libc.a(lib_a-malloc.o)
                              cirq_buffer.o (malloc)
d:/research/pwc/arccore/com.arccore.a4.arm.bundle-win32.win32.x86_64/msys/opt/arm-none-eabi/bin/../lib/gcc/arm-none-eabi/4.8.2/../../../../arm-none-eabi/lib/thumb/armv7-m\libc.a(lib_a-mallocr.o)
                              d:/research/pwc/arccore/com.arccore.a4.arm.bundle-win32.win32.x86_64/msys/opt/arm-none-eabi/bin/../lib/gcc/arm-none-eabi/4.8.2/../../../../arm-none-eabi/lib/thumb/armv7-m\libc.a(lib_a-makebuf.o) (_malloc_r)
d:/research/pwc/arccore/com.arccore.a4.arm.bundle-win32.win32.x86_64/msys/opt/arm-none-eabi/bin/../lib/gcc/arm-none-eabi/4.8.2/../../../../arm-none-eabi/lib/thumb/armv7-m\libc.a(lib_a-memcmp.o)
                              Com_Com.o (memcmp)
d:/research/pwc/arccore/com.arccore.a4.arm.bundle-win32.win32.x86_64/msys/opt/arm-none-eabi/bin/../lib/gcc/arm-none-eabi/4.8.2/../../../../arm-none-eabi/lib/thumb/armv7-m\libc.a(lib_a-memcpy-stub.o)
                              Rte_Fifo.o (memcpy)
d:/research/pwc/arccore/com.arccore.a4.arm.bundle-win32.win32.x86_64/msys/opt/arm-none-eabi/bin/../lib/gcc/arm-none-eabi/4.8.2/../../../../arm-none-eabi/lib/thumb/armv7-m\libc.a(lib_a-memset.o)
                              Mcu.o (memset)
d:/research/pwc/arccore/com.arccore.a4.arm.bundle-win32.win32.x86_64/msys/opt/arm-none-eabi/bin/../lib/gcc/arm-none-eabi/4.8.2/../../../../arm-none-eabi/lib/thumb/armv7-m\libc.a(lib_a-mlock.o)
                              d:/research/pwc/arccore/com.arccore.a4.arm.bundle-win32.win32.x86_64/msys/opt/arm-none-eabi/bin/../lib/gcc/arm-none-eabi/4.8.2/../../../../arm-none-eabi/lib/thumb/armv7-m\libc.a(lib_a-mallocr.o) (__malloc_lock)
d:/research/pwc/arccore/com.arccore.a4.arm.bundle-win32.win32.x86_64/msys/opt/arm-none-eabi/bin/../lib/gcc/arm-none-eabi/4.8.2/../../../../arm-none-eabi/lib/thumb/armv7-m\libc.a(lib_a-openr.o)
                              d:/research/pwc/arccore/com.arccore.a4.arm.bundle-win32.win32.x86_64/msys/opt/arm-none-eabi/bin/../lib/gcc/arm-none-eabi/4.8.2/../../../../arm-none-eabi/lib/thumb/armv7-m\libc.a(lib_a-fopen.o) (_open_r)
d:/research/pwc/arccore/com.arccore.a4.arm.bundle-win32.win32.x86_64/msys/opt/arm-none-eabi/bin/../lib/gcc/arm-none-eabi/4.8.2/../../../../arm-none-eabi/lib/thumb/armv7-m\libc.a(lib_a-reent.o)
                              clib_port.o (errno)
d:/research/pwc/arccore/com.arccore.a4.arm.bundle-win32.win32.x86_64/msys/opt/arm-none-eabi/bin/../lib/gcc/arm-none-eabi/4.8.2/../../../../arm-none-eabi/lib/thumb/armv7-m\libc.a(lib_a-refill.o)
[...]
Memory Configuration

Name             Origin             Length             Attributes
flash            0x08000000         0x00040000         r
ram              0x20000000         0x00010000         rw
*default*        0x00000000         0xffffffff

Linker script and memory map


.isr_vector     0x08000000      0x18c
                0x08000000                . = ALIGN (0x4)
 *(.isr_vector)
 .isr_vector    0x08000000      0x18c startup_stm32f10x.o
                0x0800018c                . = ALIGN (0x4)

.text           0x0800018c    0x161ac
                0x0800018c                . = ALIGN (0x4)
 *(.text .text.*)
 .text          0x0800018c        0x0 Rte.o
 .text.CriticalTask
                0x0800018c       0x58 Rte.o
                0x0800018c                CriticalTask
 .text.StepTask
                0x080001e4       0x58 Rte.o
                0x080001e4                StepTask
 .text          0x0800023c        0x0 Rte_Main.o
 .text.Rte_Start
                0x0800023c       0x20 Rte_Main.o
                0x0800023c                Rte_Start
 .text.Rte_Stop
                0x0800025c       0x1c Rte_Main.o
                0x0800025c                Rte_Stop
 .text          0x08000278        0x0 Rte_Calprms.o
 .text.Rte_Init_Calprms
                0x08000278        0xc Rte_Calprms.o
                0x08000278                Rte_Init_Calprms
 .text          0x08000284        0x0 Rte_Internal.o
 .text.__enable_irq
                0x08000284       0x10 Rte_Internal.o
 .text.__disable_irq
                0x08000294       0x10 Rte_Internal.o
 .text.SuspendAllInterrupts
                0x080002a4       0x24 Rte_Internal.o
 .text.ResumeAllInterrupts
                0x080002c8       0x40 Rte_Internal.o
 .text.Rte_Write_EndStopDtcType_EndStopDtc_endStop_isPresent
                0x08000308       0x2c Rte_Internal.o
                0x08000308                Rte_Write_EndStopDtcType_EndStopDtc_endStop_isPresent
 .text.Rte_Call_EndStopDtcType_EndStopDtc_isEndStop_Read
                0x08000334       0x1c Rte_Internal.o
                0x08000334                Rte_Call_EndStopDtcType_EndStopDtc_isEndStop_Read
 .text.Rte_Call_IoHwAb_ioHwAb_Digital_DigitalSignal_EndStop_Read
                0x08000350       0x20 Rte_Internal.o
                0x08000350                Rte_Call_IoHwAb_ioHwAb_Digital_DigitalSignal_EndStop_Read
 .text.Rte_Call_IoHwAb_ioHwAb_Digital_DigitalSignal_LED1_Write
                0x08000370       0x20 Rte_Internal.o
                0x08000370                Rte_Call_IoHwAb_ioHwAb_Digital_DigitalSignal_LED1_Write
 .text.Rte_Call_IoHwAb_ioHwAb_Digital_DigitalSignal_LED2_Write
                0x08000390       0x20 Rte_Internal.o
                0x08000390                Rte_Call_IoHwAb_ioHwAb_Digital_DigitalSignal_LED2_Write
 .text.Rte_Call_IoHwAb_ioHwAb_Digital_DigitalSignal_Obstacle_Read
                0x080003b0       0x20 Rte_Internal.o
                0x080003b0                Rte_Call_IoHwAb_ioHwAb_Digital_DigitalSignal_Obstacle_Read
 .text.Rte_Call_MotorDriverType_MotorDriver_RunMotor_1_Write
                0x080003d0       0x1c Rte_Internal.o
                0x080003d0                Rte_Call_MotorDriverType_MotorDriver_RunMotor_1_Write
 .text.Rte_Call_MotorDriverType_MotorDriver_RunMotor_2_Write
                0x080003ec       0x1c Rte_Internal.o
                0x080003ec                Rte_Call_MotorDriverType_MotorDriver_RunMotor_2_Write
 .text.Rte_Read_MotorDriverType_MotorDriver_cmd_command
                0x08000408       0x2c Rte_Internal.o
                0x08000408                Rte_Read_MotorDriverType_MotorDriver_cmd_command
 .text.Rte_Call_ObstacleDtcType_ObstacleDtc_isObstacle_Read
                0x08000434       0x1c Rte_Internal.o
                0x08000434                Rte_Call_ObstacleDtcType_ObstacleDtc_isObstacle_Read
 .text.Rte_Write_ObstacleDtcType_ObstacleDtc_obstacle_isPresent
                0x08000450       0x2c Rte_Internal.o
                0x08000450                Rte_Write_ObstacleDtcType_ObstacleDtc_obstacle_isPresent
 .text.Rte_Write_SwitchType_Switch_req_request
                0x0800047c       0x2c Rte_Internal.o
                0x0800047c                Rte_Write_SwitchType_Switch_req_request
 .text.Rte_Write_WinArbitratorType_WinArbitrator_req_a_request
                0x080004a8       0x2c Rte_Internal.o
                0x080004a8                Rte_Write_WinArbitratorType_WinArbitrator_req_a_request
 .text.Rte_Read_WinArbitratorType_WinArbitrator_req_d_request
                0x080004d4       0x2c Rte_Internal.o
                0x080004d4                Rte_Read_WinArbitratorType_WinArbitrator_req_d_request
 .text.Rte_Read_WinArbitratorType_WinArbitrator_req_p_request
                0x08000500       0x1c Rte_Internal.o
                0x08000500                Rte_Read_WinArbitratorType_WinArbitrator_req_p_request
 .text.Rte_Write_WinControllerType_WinController_cmd_command
                0x0800051c       0x2c Rte_Internal.o
                0x0800051c                Rte_Write_WinControllerType_WinController_cmd_command
 .text.Rte_Read_WinControllerType_WinController_endStop_isPresent
                0x08000548       0x2c Rte_Internal.o
                0x08000548                Rte_Read_WinControllerType_WinController_endStop_isPresent
 .text.Rte_Read_WinControllerType_WinController_obstacle_isPresent
                0x08000574       0x2c Rte_Internal.o
                0x08000574                Rte_Read_WinControllerType_WinController_obstacle_isPresent
 .text.Rte_Read_WinControllerType_WinController_req_request
                0x080005a0       0x2c Rte_Internal.o
                0x080005a0                Rte_Read_WinControllerType_WinController_req_request
 .text.Rte_Internal_Init_Buffers
                0x080005cc        0xc Rte_Internal.o
                0x080005cc                Rte_Internal_Init_Buffers
 .text          0x080005d8        0x0 Rte_Callbacks.o
 .text          0x080005d8        0x0 Rte_Fifo.o
 .text.__enable_irq
                0x080005d8       0x10 Rte_Fifo.o
 .text.__disable_irq
                0x080005e8       0x10 Rte_Fifo.o
 .text.SuspendAllInterrupts
                0x080005f8       0x24 Rte_Fifo.o
 .text.ResumeAllInterrupts
                0x0800061c       0x40 Rte_Fifo.o
 .text.Rte_Fifo_Init
                0x0800065c       0x54 Rte_Fifo.o
                0x0800065c                Rte_Fifo_Init
 .text.Rte_Fifo_Push
                0x080006b0       0x80 Rte_Fifo.o
                0x080006b0                Rte_Fifo_Push
 .text.Rte_Fifo_Pop
                0x08000730       0x8c Rte_Fifo.o
                0x08000730                Rte_Fifo_Pop
 .text          0x080007bc        0x0 Rte_EndStopDtcType.o
 .text.Rte_EndStopDtc_EndStopDtcRunnable
                0x080007bc       0x1c Rte_EndStopDtcType.o
                0x080007bc                Rte_EndStopDtc_EndStopDtcRunnable
 .text          0x080007d8        0x0 Rte_IoHwAb.o
 .text.Rte_ioHwAb_DigitalWrite
                0x080007d8       0x28 Rte_IoHwAb.o
                0x080007d8                Rte_ioHwAb_DigitalWrite
 .text.Rte_ioHwAb_DigitalRead
                0x08000800       0x28 Rte_IoHwAb.o
                0x08000800                Rte_ioHwAb_DigitalRead
 .text          0x08000828        0x0 Rte_MotorDriverType.o
 .text.Rte_MotorDriver_MotorDriverRunnable
                0x08000828       0x18 Rte_MotorDriverType.o
                0x08000828                Rte_MotorDriver_MotorDriverRunnable
 .text          0x08000840        0x0 Rte_ObstacleDtcType.o
 .text.Rte_ObstacleDtc_ObstacleDtcRunnable
                0x08000840       0x1c Rte_ObstacleDtcType.o
                0x08000840                Rte_ObstacleDtc_ObstacleDtcRunnable
 .text          0x0800085c        0x0 Rte_SwitchType.o
 .text.Rte_Switch_SwitchRunnable
                0x0800085c       0x1c Rte_SwitchType.o
                0x0800085c                Rte_Switch_SwitchRunnable
 .text          0x08000878        0x0 Rte_WinArbitratorType.o
 .text.Rte_WinArbitrator_WinArbitratorRunnable
                0x08000878       0x30 Rte_WinArbitratorType.o
                0x08000878                Rte_WinArbitrator_WinArbitratorRunnable
 .text          0x080008a8        0x0 Rte_WinControllerType.o
 .text.Rte_WinController_WinControllerStepRunnable
                0x080008a8       0x38 Rte_WinControllerType.o
                0x080008a8                Rte_WinController_WinControllerStepRunnable
 .text          0x080008e0        0x0 EndStopDtc.o
 .text.Rte_IWrite_EndStopDtcRunnable_endStop_isPresent
                0x080008e0       0x24 EndStopDtc.o
 .text.Rte_Call_isEndStop_Read
                0x08000904       0x1c EndStopDtc.o
 .text.EndStopDtcRunnable
                0x08000920       0x2c EndStopDtc.o
                0x08000920                EndStopDtcRunnable
 .text          0x0800094c        0x0 IoHwAb.o
 .text.IoHwAb_Init
                0x0800094c       0x14 IoHwAb.o
                0x0800094c                IoHwAb_Init
 .text.IoHwAb_MainFunction
                0x08000960       0x14 IoHwAb.o
                0x08000960                IoHwAb_MainFunction
 .text          0x08000974        0x0 MotorDriver.o
 .text.Rte_IRead_MotorDriverRunnable_cmd_command
                0x08000974       0x1c MotorDriver.o
 .text.Rte_Call_RunMotor_1_Write
                0x08000990       0x1c MotorDriver.o
 .text.Rte_Call_RunMotor_2_Write
                0x080009ac       0x1c MotorDriver.o
 .text.MotorDriverRunnable
                0x080009c8       0x4c MotorDriver.o
                0x080009c8                MotorDriverRunnable
 .text          0x08000a14        0x0 ObstacleDtc.o
 .text.Rte_IWrite_ObstacleDtcRunnable_obstacle_isPresent
                0x08000a14       0x24 ObstacleDtc.o
 .text.Rte_Call_isObstacle_Read
                0x08000a38       0x1c ObstacleDtc.o
 .text.ObstacleDtcRunnable
                0x08000a54       0x2c ObstacleDtc.o
                0x08000a54                ObstacleDtcRunnable
 .text          0x08000a80        0x0 Switch.o
 .text.Rte_IWrite_SwitchRunnable_req_request
                0x08000a80       0x24 Switch.o
 .text.SwitchRunnable
                0x08000aa4       0x78 Switch.o
                0x08000aa4                SwitchRunnable
 .text          0x08000b1c        0x0 Tasks.o
 .text.OSErrorGetServiceId
                0x08000b1c       0x18 Tasks.o
 .text.OsTask_Main
                0x08000b34       0x1c Tasks.o
                0x08000b34                OsTask_Main
 .text.OsIdle   0x08000b50        0x8 Tasks.o
                0x08000b50                OsIdle
 .text.ErrorHook
                0x08000b58      0x114 Tasks.o
                0x08000b58                ErrorHook
 .text.PostTaskHook
                0x08000c6c       0x14 Tasks.o
                0x08000c6c                PostTaskHook
 .text.PreTaskHook
                0x08000c80       0x14 Tasks.o
                0x08000c80                PreTaskHook
 .text.ShutdownHook
                0x08000c94        0xc Tasks.o
                0x08000c94                ShutdownHook
 .text.StartupHook
                0x08000ca0        0xc Tasks.o
                0x08000ca0                StartupHook
 .text          0x08000cac        0x0 WinArbitrator.o
 .text.Rte_IRead_WinArbitratorRunnable_req_d_request
                0x08000cac       0x1c WinArbitrator.o
 .text.Rte_IWrite_WinArbitratorRunnable_req_a_request
                0x08000cc8       0x24 WinArbitrator.o
 .text.WinArbitratorRunnable
                0x08000cec       0x3c WinArbitrator.o
                0x08000cec                WinArbitratorRunnable
 .text.PWC_WinArbitrator
                0x08000d28       0xd0 WinArbitrator.o
                0x08000d28                PWC_WinArbitrator
 .text          0x08000df8        0x0 WinController.o
 .text.Rte_IRead_WinControllerStepRunnable_req_request
                0x08000df8       0x1c WinController.o
 .text.Rte_IRead_WinControllerStepRunnable_obstacle_isPresent
                0x08000e14       0x1c WinController.o
 .text.Rte_IRead_WinControllerStepRunnable_endStop_isPresent
                0x08000e30       0x1c WinController.o
 .text.Rte_IWrite_WinControllerStepRunnable_cmd_command
                0x08000e4c       0x24 WinController.o
 .text.WinControllerRunnable
                0x08000e70       0x44 WinController.o
                0x08000e70                WinControllerRunnable
 .text.power_window_controller
                0x08000eb4       0x60 WinController.o
                0x08000eb4                power_window_controller
 .text.power_window_controll_winStates
                0x08000f14      0x4c4 WinController.o
 .text          0x080013d8        0x0 stm3210c_eval.o
 .text.STM_EVAL_LEDInit
                0x080013d8       0x58 stm3210c_eval.o
                0x080013d8                STM_EVAL_LEDInit
 .text.STM_EVAL_LEDOn
                0x08001430       0x34 stm3210c_eval.o
                0x08001430                STM_EVAL_LEDOn
 .text.STM_EVAL_LEDOff
                0x08001464       0x34 stm3210c_eval.o
                0x08001464                STM_EVAL_LEDOff
 .text.STM_EVAL_LEDToggle
                0x08001498       0x44 stm3210c_eval.o
                0x08001498                STM_EVAL_LEDToggle
 .text.STM_EVAL_PBInit
                0x080014dc       0xe4 stm3210c_eval.o
                0x080014dc                STM_EVAL_PBInit
 .text.STM_EVAL_PBGetState
                0x080015c0       0x38 stm3210c_eval.o
                0x080015c0                STM_EVAL_PBGetState
 .text.STM_EVAL_COMInit
                0x080015f8       0xb4 stm3210c_eval.o
                0x080015f8                STM_EVAL_COMInit
 .text.SD_LowLevel_DeInit
                0x080016ac       0xac stm3210c_eval.o
                0x080016ac                SD_LowLevel_DeInit
 .text.SD_LowLevel_Init
                0x08001758      0x104 stm3210c_eval.o
                0x08001758                SD_LowLevel_Init
 .text.sEE_LowLevel_DeInit
                0x0800185c       0xb4 stm3210c_eval.o
                0x0800185c                sEE_LowLevel_DeInit
 .text.sEE_LowLevel_Init
                0x08001910      0x164 stm3210c_eval.o
                0x08001910                sEE_LowLevel_Init
 .text.sEE_LowLevel_DMAConfig
                0x08001a74       0x88 stm3210c_eval.o
                0x08001a74                sEE_LowLevel_DMAConfig
 .text          0x08001afc        0x0 stm3210c_eval_ioe.o
 .text.IOE_Config
                0x08001afc       0xe0 stm3210c_eval_ioe.o
                0x08001afc                IOE_Config
 .text.IOE_ITConfig
                0x08001bdc       0xc4 stm3210c_eval_ioe.o
                0x08001bdc                IOE_ITConfig
 .text.IOE_WriteIOPin
                0x08001ca0       0x64 stm3210c_eval_ioe.o
                0x08001ca0                IOE_WriteIOPin
 .text.IOE_ReadIOPin
                0x08001d04       0x60 stm3210c_eval_ioe.o
                0x08001d04                IOE_ReadIOPin
 .text.IOE_JoyStickGetState
                0x08001d64       0x74 stm3210c_eval_ioe.o
                0x08001d64                IOE_JoyStickGetState
 .text.IOE_TS_GetState
                0x08001dd8      0x138 stm3210c_eval_ioe.o
                0x08001dd8                IOE_TS_GetState
 .text.IOE_TempSens_GetData
                0x08001f10       0xb0 stm3210c_eval_ioe.o
                0x08001f10                IOE_TempSens_GetData
 .text.IOE_GetGITStatus
                0x08001fc0       0x3c stm3210c_eval_ioe.o
                0x08001fc0                IOE_GetGITStatus
 .text.IOE_ClearGITPending
                0x08001ffc       0x28 stm3210c_eval_ioe.o
                0x08001ffc                IOE_ClearGITPending
 .text.IOE_GetIOITStatus
                0x08002024       0x3c stm3210c_eval_ioe.o
                0x08002024                IOE_GetIOITStatus
 .text.IOE_ClearIOITPending
                0x08002060       0x4c stm3210c_eval_ioe.o
                0x08002060                IOE_ClearIOITPending
 .text.IOE_IsOperational
                0x080020ac       0x40 stm3210c_eval_ioe.o
                0x080020ac                IOE_IsOperational
 .text.IOE_Reset
                0x080020ec       0x34 stm3210c_eval_ioe.o
                0x080020ec                IOE_Reset
 .text.IOE_ReadID
                0x08002120       0x40 stm3210c_eval_ioe.o
                0x08002120                IOE_ReadID
 .text.IOE_FnctCmd
                0x08002160       0x5c stm3210c_eval_ioe.o
                0x08002160                IOE_FnctCmd
 .text.IOE_IOPinConfig
                0x080021bc       0x5c stm3210c_eval_ioe.o
                0x080021bc                IOE_IOPinConfig
 .text.IOE_GITCmd
                0x08002218       0x4c stm3210c_eval_ioe.o
                0x08002218                IOE_GITCmd
 .text.IOE_GITConfig
                0x08002264       0x5c stm3210c_eval_ioe.o
                0x08002264                IOE_GITConfig
 .text.IOE_IOITConfig
                0x080022c0       0x5c stm3210c_eval_ioe.o
                0x080022c0                IOE_IOITConfig
 .text.IOE_TS_Config
                0x0800231c      0x128 stm3210c_eval_ioe.o
                0x0800231c                IOE_TS_Config
 .text.IOE_TempSens_Config
                0x08002444       0x50 stm3210c_eval_ioe.o
                0x08002444                IOE_TempSens_Config
 .text.IOE_IOAFConfig
                0x08002494       0x5c stm3210c_eval_ioe.o
                0x08002494                IOE_IOAFConfig
 .text.IOE_IOEdgeConfig
                0x080024f0       0x9c stm3210c_eval_ioe.o
                0x080024f0                IOE_IOEdgeConfig
 .text.IOE_ITOutConfig
                0x0800258c       0x78 stm3210c_eval_ioe.o
                0x0800258c                IOE_ITOutConfig
 .text.I2C_WriteDeviceRegister
                0x08002604      0x208 stm3210c_eval_ioe.o
                0x08002604                I2C_WriteDeviceRegister
 .text.I2C_ReadDeviceRegister
                0x0800280c      0x294 stm3210c_eval_ioe.o
                0x0800280c                I2C_ReadDeviceRegister
 .text.I2C_ReadDataBuffer
                0x08002aa0      0x2a8 stm3210c_eval_ioe.o
                0x08002aa0                I2C_ReadDataBuffer
 .text.IOE_TS_Read_X
                0x08002d48       0x54 stm3210c_eval_ioe.o
 .text.IOE_TS_Read_Y
                0x08002d9c       0x58 stm3210c_eval_ioe.o
 .text.IOE_TS_Read_Z
                0x08002df4       0x28 stm3210c_eval_ioe.o
 .text.IOE_GPIO_Config
                0x08002e1c       0x84 stm3210c_eval_ioe.o
 .text.IOE_I2C_Config
                0x08002ea0       0x40 stm3210c_eval_ioe.o
 .text.IOE_DMA_Config
                0x08002ee0       0x98 stm3210c_eval_ioe.o
 .text.IOE_EXTI_Config
                0x08002f78       0x6c stm3210c_eval_ioe.o
 .text.delay    0x08002fe4       0x34 stm3210c_eval_ioe.o
 .text          0x08003018        0x0 system_stm32f10x.o
 .text.SystemInit
                0x08003018       0xcc system_stm32f10x.o
                0x08003018                SystemInit
 .text.SystemCoreClockUpdate
                0x080030e4      0x1b4 system_stm32f10x.o
                0x080030e4                SystemCoreClockUpdate
 .text.SetSysClock
                0x08003298        0xc system_stm32f10x.o
 .text.SetSysClockTo72
                0x080032a4      0x208 system_stm32f10x.o
 .text          0x080034ac        0x0 misc.o
 .text.NVIC_PriorityGroupConfig
                0x080034ac       0x28 misc.o
                0x080034ac                NVIC_PriorityGroupConfig
 .text.NVIC_Init
                0x080034d4       0xd0 misc.o
                0x080034d4                NVIC_Init
 .text.NVIC_SetVectorTable
                0x080035a4       0x2c misc.o
                0x080035a4                NVIC_SetVectorTable
 .text.NVIC_SystemLPConfig
                0x080035d0       0x54 misc.o
                0x080035d0                NVIC_SystemLPConfig
 .text.SysTick_CLKSourceConfig
                0x08003624       0x4c misc.o
                0x08003624                SysTick_CLKSourceConfig
 .text          0x08003670        0x0 stm32f10x_exti.o
 .text.EXTI_DeInit
                0x08003670       0x50 stm32f10x_exti.o
                0x08003670                EXTI_DeInit
 .text.EXTI_Init
                0x080036c0      0x12c stm32f10x_exti.o
                0x080036c0                EXTI_Init
 .text.EXTI_StructInit
                0x080037ec       0x2c stm32f10x_exti.o
                0x080037ec                EXTI_StructInit
 .text.EXTI_GenerateSWInterrupt
                0x08003818       0x2c stm32f10x_exti.o
                0x08003818                EXTI_GenerateSWInterrupt
 .text.EXTI_GetFlagStatus
                0x08003844       0x38 stm32f10x_exti.o
                0x08003844                EXTI_GetFlagStatus
 .text.EXTI_ClearFlag
                0x0800387c       0x20 stm32f10x_exti.o
                0x0800387c                EXTI_ClearFlag
 .text.EXTI_GetITStatus
                0x0800389c       0x50 stm32f10x_exti.o
                0x0800389c                EXTI_GetITStatus
 .text.EXTI_ClearITPendingBit
                0x080038ec       0x20 stm32f10x_exti.o
                0x080038ec                EXTI_ClearITPendingBit
 .text          0x0800390c        0x0 stm32f10x_usart.o
 .text.USART_DeInit
                0x0800390c       0xc0 stm32f10x_usart.o
                0x0800390c                USART_DeInit
 .text.USART_Init
                0x080039cc      0x184 stm32f10x_usart.o
                0x080039cc                USART_Init
 .text.USART_StructInit
                0x08003b50       0x38 stm32f10x_usart.o
                0x08003b50                USART_StructInit
 .text.USART_ClockInit
                0x08003b88       0x54 stm32f10x_usart.o
                0x08003b88                USART_ClockInit
 .text.USART_ClockStructInit
                0x08003bdc       0x2c stm32f10x_usart.o
                0x08003bdc                USART_ClockStructInit
 .text.USART_Cmd
                0x08003c08       0x40 stm32f10x_usart.o
                0x08003c08                USART_Cmd
 .text.USART_ITConfig
                0x08003c48       0x90 stm32f10x_usart.o
                0x08003c48                USART_ITConfig
 .text.USART_DMACmd
                0x08003cd8       0x48 stm32f10x_usart.o
                0x08003cd8                USART_DMACmd
 .text.USART_SetAddress
                0x08003d20       0x38 stm32f10x_usart.o
                0x08003d20                USART_SetAddress
 .text.USART_WakeUpConfig
                0x08003d58       0x38 stm32f10x_usart.o
                0x08003d58                USART_WakeUpConfig
 .text.USART_ReceiverWakeUpCmd
                0x08003d90       0x40 stm32f10x_usart.o
                0x08003d90                USART_ReceiverWakeUpCmd
 .text.USART_LINBreakDetectLengthConfig
                0x08003dd0       0x38 stm32f10x_usart.o
                0x08003dd0                USART_LINBreakDetectLengthConfig
 .text.USART_LINCmd
                0x08003e08       0x40 stm32f10x_usart.o
                0x08003e08                USART_LINCmd
 .text.USART_SendData
                0x08003e48       0x24 stm32f10x_usart.o
                0x08003e48                USART_SendData
 .text.USART_ReceiveData
                0x08003e6c       0x20 stm32f10x_usart.o
                0x08003e6c                USART_ReceiveData
 .text.USART_SendBreak
                0x08003e8c       0x24 stm32f10x_usart.o
                0x08003e8c                USART_SendBreak
 .text.USART_SetGuardTime
                0x08003eb0       0x3c stm32f10x_usart.o
                0x08003eb0                USART_SetGuardTime
 .text.USART_SetPrescaler
                0x08003eec       0x38 stm32f10x_usart.o
                0x08003eec                USART_SetPrescaler
 .text.USART_SmartCardCmd
                0x08003f24       0x40 stm32f10x_usart.o
                0x08003f24                USART_SmartCardCmd
 .text.USART_SmartCardNACKCmd
                0x08003f64       0x40 stm32f10x_usart.o
                0x08003f64                USART_SmartCardNACKCmd
 .text.USART_HalfDuplexCmd
                0x08003fa4       0x40 stm32f10x_usart.o
                0x08003fa4                USART_HalfDuplexCmd
 .text.USART_OverSampling8Cmd
                0x08003fe4       0x44 stm32f10x_usart.o
                0x08003fe4                USART_OverSampling8Cmd
 .text.USART_OneBitMethodCmd
                0x08004028       0x40 stm32f10x_usart.o
                0x08004028                USART_OneBitMethodCmd
 .text.USART_IrDAConfig
                0x08004068       0x38 stm32f10x_usart.o
                0x08004068                USART_IrDAConfig
 .text.USART_IrDACmd
                0x080040a0       0x40 stm32f10x_usart.o
                0x080040a0                USART_IrDACmd
 .text.USART_GetFlagStatus
                0x080040e0       0x38 stm32f10x_usart.o
                0x080040e0                USART_GetFlagStatus
 .text.USART_ClearFlag
                0x08004118       0x20 stm32f10x_usart.o
                0x08004118                USART_ClearFlag
 .text.USART_GetITStatus
                0x08004138       0xb0 stm32f10x_usart.o
                0x08004138                USART_GetITStatus
 .text.USART_ClearITPendingBit
                0x080041e8       0x38 stm32f10x_usart.o
                0x080041e8                USART_ClearITPendingBit
 .text          0x08004220        0x0 stm32f10x_i2c.o
 .text.I2C_DeInit
                0x08004220       0x48 stm32f10x_i2c.o
                0x08004220                I2C_DeInit
 .text.I2C_Init
                0x08004268      0x18c stm32f10x_i2c.o
                0x08004268                I2C_Init
 .text.I2C_StructInit
                0x080043f4       0x3c stm32f10x_i2c.o
                0x080043f4                I2C_StructInit
 .text.I2C_Cmd  0x08004430       0x40 stm32f10x_i2c.o
                0x08004430                I2C_Cmd
 .text.I2C_DMACmd
                0x08004470       0x40 stm32f10x_i2c.o
                0x08004470                I2C_DMACmd
 .text.I2C_DMALastTransferCmd
                0x080044b0       0x40 stm32f10x_i2c.o
                0x080044b0                I2C_DMALastTransferCmd
 .text.I2C_GenerateSTART
                0x080044f0       0x40 stm32f10x_i2c.o
                0x080044f0                I2C_GenerateSTART
 .text.I2C_GenerateSTOP
                0x08004530       0x40 stm32f10x_i2c.o
                0x08004530                I2C_GenerateSTOP
 .text.I2C_AcknowledgeConfig
                0x08004570       0x40 stm32f10x_i2c.o
                0x08004570                I2C_AcknowledgeConfig
 .text.I2C_OwnAddress2Config
                0x080045b0       0x40 stm32f10x_i2c.o
                0x080045b0                I2C_OwnAddress2Config
 .text.I2C_DualAddressCmd
                0x080045f0       0x40 stm32f10x_i2c.o
                0x080045f0                I2C_DualAddressCmd
 .text.I2C_GeneralCallCmd
                0x08004630       0x40 stm32f10x_i2c.o
                0x08004630                I2C_GeneralCallCmd
 .text.I2C_ITConfig
                0x08004670       0x48 stm32f10x_i2c.o
                0x08004670                I2C_ITConfig
 .text.I2C_SendData
                0x080046b8       0x20 stm32f10x_i2c.o
                0x080046b8                I2C_SendData
 .text.I2C_ReceiveData
                0x080046d8       0x1c stm32f10x_i2c.o
                0x080046d8                I2C_ReceiveData
 .text.I2C_Send7bitAddress
                0x080046f4       0x3c stm32f10x_i2c.o
                0x080046f4                I2C_Send7bitAddress
 .text.I2C_ReadRegister
                0x08004730       0x30 stm32f10x_i2c.o
                0x08004730                I2C_ReadRegister
 .text.I2C_SoftwareResetCmd
                0x08004760       0x44 stm32f10x_i2c.o
                0x08004760                I2C_SoftwareResetCmd
 .text.I2C_SMBusAlertConfig
                0x080047a4       0x40 stm32f10x_i2c.o
                0x080047a4                I2C_SMBusAlertConfig
 .text.I2C_TransmitPEC
                0x080047e4       0x40 stm32f10x_i2c.o
                0x080047e4                I2C_TransmitPEC
 .text.I2C_PECPositionConfig
                0x08004824       0x40 stm32f10x_i2c.o
                0x08004824                I2C_PECPositionConfig
 .text.I2C_CalculatePEC
                0x08004864       0x40 stm32f10x_i2c.o
                0x08004864                I2C_CalculatePEC
 .text.I2C_GetPEC
                0x080048a4       0x20 stm32f10x_i2c.o
                0x080048a4                I2C_GetPEC
 .text.I2C_ARPCmd
                0x080048c4       0x40 stm32f10x_i2c.o
                0x080048c4                I2C_ARPCmd
 .text.I2C_StretchClockCmd
                0x08004904       0x40 stm32f10x_i2c.o
                0x08004904                I2C_StretchClockCmd
 .text.I2C_FastModeDutyCycleConfig
                0x08004944       0x40 stm32f10x_i2c.o
                0x08004944                I2C_FastModeDutyCycleConfig
 .text.I2C_CheckEvent
                0x08004984       0x60 stm32f10x_i2c.o
                0x08004984                I2C_CheckEvent
 .text.I2C_GetLastEvent
                0x080049e4       0x44 stm32f10x_i2c.o
                0x080049e4                I2C_GetLastEvent
 .text.I2C_GetFlagStatus
                0x08004a28       0x68 stm32f10x_i2c.o
                0x08004a28                I2C_GetFlagStatus
 .text.I2C_ClearFlag
                0x08004a90       0x2c stm32f10x_i2c.o
                0x08004a90                I2C_ClearFlag
 .text.I2C_GetITStatus
                0x08004abc       0x5c stm32f10x_i2c.o
                0x08004abc                I2C_GetITStatus
 .text.I2C_ClearITPendingBit
                0x08004b18       0x2c stm32f10x_i2c.o
                0x08004b18                I2C_ClearITPendingBit
 .text          0x08004b44        0x0 stm32f10x_spi.o
 .text.SPI_I2S_DeInit
                0x08004b44       0x78 stm32f10x_spi.o
                0x08004b44                SPI_I2S_DeInit
 .text.SPI_Init
                0x08004bbc       0x88 stm32f10x_spi.o
                0x08004bbc                SPI_Init
 .text.I2S_Init
                0x08004c44      0x1d8 stm32f10x_spi.o
                0x08004c44                I2S_Init
 .text.SPI_StructInit
                0x08004e1c       0x48 stm32f10x_spi.o
                0x08004e1c                SPI_StructInit
 .text.I2S_StructInit
                0x08004e64       0x38 stm32f10x_spi.o
                0x08004e64                I2S_StructInit
 .text.SPI_Cmd  0x08004e9c       0x40 stm32f10x_spi.o
                0x08004e9c                SPI_Cmd
 .text.I2S_Cmd  0x08004edc       0x40 stm32f10x_spi.o
                0x08004edc                I2S_Cmd
 .text.SPI_I2S_ITConfig
                0x08004f1c       0x60 stm32f10x_spi.o
                0x08004f1c                SPI_I2S_ITConfig
 .text.SPI_I2S_DMACmd
                0x08004f7c       0x48 stm32f10x_spi.o
                0x08004f7c                SPI_I2S_DMACmd
 .text.SPI_I2S_SendData
                0x08004fc4       0x1c stm32f10x_spi.o
                0x08004fc4                SPI_I2S_SendData
 .text.SPI_I2S_ReceiveData
                0x08004fe0       0x1c stm32f10x_spi.o
                0x08004fe0                SPI_I2S_ReceiveData
 .text.SPI_NSSInternalSoftwareConfig
                0x08004ffc       0x44 stm32f10x_spi.o
                0x08004ffc                SPI_NSSInternalSoftwareConfig
 .text.SPI_SSOutputCmd
                0x08005040       0x40 stm32f10x_spi.o
                0x08005040                SPI_SSOutputCmd
 .text.SPI_DataSizeConfig
                0x08005080       0x38 stm32f10x_spi.o
                0x08005080                SPI_DataSizeConfig
 .text.SPI_TransmitCRC
                0x080050b8       0x24 stm32f10x_spi.o
                0x080050b8                SPI_TransmitCRC
 .text.SPI_CalculateCRC
                0x080050dc       0x40 stm32f10x_spi.o
                0x080050dc                SPI_CalculateCRC
 .text.SPI_GetCRC
                0x0800511c       0x34 stm32f10x_spi.o
                0x0800511c                SPI_GetCRC
 .text.SPI_GetCRCPolynomial
                0x08005150       0x1c stm32f10x_spi.o
                0x08005150                SPI_GetCRCPolynomial
 .text.SPI_BiDirectionalLineConfig
                0x0800516c       0x40 stm32f10x_spi.o
                0x0800516c                SPI_BiDirectionalLineConfig
 .text.SPI_I2S_GetFlagStatus
                0x080051ac       0x38 stm32f10x_spi.o
                0x080051ac                SPI_I2S_GetFlagStatus
 .text.SPI_I2S_ClearFlag
                0x080051e4       0x20 stm32f10x_spi.o
                0x080051e4                SPI_I2S_ClearFlag
 .text.SPI_I2S_GetITStatus
                0x08005204       0x78 stm32f10x_spi.o
                0x08005204                SPI_I2S_GetITStatus
 .text.SPI_I2S_ClearITPendingBit
                0x0800527c       0x34 stm32f10x_spi.o
                0x0800527c                SPI_I2S_ClearITPendingBit
 .text          0x080052b0        0x0 stm32f10x_dma.o
 .text.DMA_DeInit
                0x080052b0      0x1ec stm32f10x_dma.o
                0x080052b0                DMA_DeInit
 .text.DMA_Init
                0x0800549c       0x7c stm32f10x_dma.o
                0x0800549c                DMA_Init
 .text.DMA_StructInit
                0x08005518       0x54 stm32f10x_dma.o
                0x08005518                DMA_StructInit
 .text.DMA_Cmd  0x0800556c       0x38 stm32f10x_dma.o
                0x0800556c                DMA_Cmd
 .text.DMA_ITConfig
                0x080055a4       0x3c stm32f10x_dma.o
                0x080055a4                DMA_ITConfig
 .text.DMA_SetCurrDataCounter
                0x080055e0       0x1c stm32f10x_dma.o
                0x080055e0                DMA_SetCurrDataCounter
 .text.DMA_GetCurrDataCounter
                0x080055fc       0x1c stm32f10x_dma.o
                0x080055fc                DMA_GetCurrDataCounter
 .text.DMA_GetFlagStatus
                0x08005618       0x54 stm32f10x_dma.o
                0x08005618                DMA_GetFlagStatus
 .text.DMA_ClearFlag
                0x0800566c       0x34 stm32f10x_dma.o
                0x0800566c                DMA_ClearFlag
 .text.DMA_GetITStatus
                0x080056a0       0x54 stm32f10x_dma.o
                0x080056a0                DMA_GetITStatus
 .text.DMA_ClearITPendingBit
                0x080056f4       0x34 stm32f10x_dma.o
                0x080056f4                DMA_ClearITPendingBit
 .text          0x08005728        0x0 core_cm3.o
 .text.__get_PSP
                0x08005728       0x10 core_cm3.o
                0x08005728                __get_PSP
 .text.__set_PSP
                0x08005738        0x8 core_cm3.o
                0x08005738                __set_PSP
 .text.__get_MSP
                0x08005740       0x10 core_cm3.o
                0x08005740                __get_MSP
 .text.__set_MSP
                0x08005750        0x8 core_cm3.o
                0x08005750                __set_MSP
 .text.__get_BASEPRI
                0x08005758       0x20 core_cm3.o
                0x08005758                __get_BASEPRI
 .text.__set_BASEPRI
                0x08005778       0x18 core_cm3.o
                0x08005778                __set_BASEPRI
 .text.__get_PRIMASK
                0x08005790       0x20 core_cm3.o
                0x08005790                __get_PRIMASK
 .text.__set_PRIMASK
                0x080057b0       0x18 core_cm3.o
                0x080057b0                __set_PRIMASK
 .text.__get_FAULTMASK
                0x080057c8       0x20 core_cm3.o
                0x080057c8                __get_FAULTMASK
 .text.__set_FAULTMASK
                0x080057e8       0x18 core_cm3.o
                0x080057e8                __set_FAULTMASK
 .text.__REV    0x08005800       0x20 core_cm3.o
                0x08005800                __REV
 .text.__REV16  0x08005820       0x24 core_cm3.o
                0x08005820                __REV16
 .text.__REVSH  0x08005844       0x24 core_cm3.o
                0x08005844                __REVSH
 .text.__RBIT   0x08005868       0x24 core_cm3.o
                0x08005868                __RBIT
 .text.__LDREXB
                0x0800588c       0x24 core_cm3.o
                0x0800588c                __LDREXB
 .text.__LDREXH
                0x080058b0       0x24 core_cm3.o
                0x080058b0                __LDREXH
 .text.__LDREXW
                0x080058d4       0x24 core_cm3.o
                0x080058d4                __LDREXW
 .text.__STREXW
                0x080058f8       0x28 core_cm3.o
                0x080058f8                __STREXW
 .text.__get_CONTROL
                0x08005920       0x20 core_cm3.o
                0x08005920                __get_CONTROL
 .text.__set_CONTROL
                0x08005940       0x18 core_cm3.o
                0x08005940                __set_CONTROL
 .text          0x08005958       0x14 startup_stm32f10x.o
 .text.Reset_Handler
                0x0800596c       0x40 startup_stm32f10x.o
                0x0800596c                Reset_Handler
 .text.Default_Handler
                0x080059ac        0x2 startup_stm32f10x.o
                0x080059ac                HardFault_Handler
                0x080059ac                NMI_Handler
                0x080059ac                UsageFault_Handler
                0x080059ac                Default_Handler
                0x080059ac                MemManage_Handler
                0x080059ac                BusFault_Handler
                0x080059ac                DebugMon_Handler
 .text          0x080059ae        0x0 stm32f10x_rcc.o
 *fill*         0x080059ae        0x2 
 .text.RCC_DeInit
                0x080059b0       0xc0 stm32f10x_rcc.o
                0x080059b0                RCC_DeInit
 .text.RCC_HSEConfig
                0x08005a70       0x88 stm32f10x_rcc.o
                0x08005a70                RCC_HSEConfig
 .text.RCC_WaitForHSEStartUp
                0x08005af8       0x50 stm32f10x_rcc.o
                0x08005af8                RCC_WaitForHSEStartUp
 .text.RCC_AdjustHSICalibrationValue
                0x08005b48       0x44 stm32f10x_rcc.o
                0x08005b48                RCC_AdjustHSICalibrationValue
 .text.RCC_HSICmd
                0x08005b8c       0x20 stm32f10x_rcc.o
                0x08005b8c                RCC_HSICmd
 .text.RCC_PLLConfig
                0x08005bac       0x44 stm32f10x_rcc.o
                0x08005bac                RCC_PLLConfig
 .text.RCC_PLLCmd
                0x08005bf0       0x20 stm32f10x_rcc.o
                0x08005bf0                RCC_PLLCmd
 .text.RCC_PREDIV1Config
                0x08005c10       0x48 stm32f10x_rcc.o
                0x08005c10                RCC_PREDIV1Config
 .text.RCC_PREDIV2Config
                0x08005c58       0x40 stm32f10x_rcc.o
                0x08005c58                RCC_PREDIV2Config
 .text.RCC_PLL2Config
                0x08005c98       0x40 stm32f10x_rcc.o
                0x08005c98                RCC_PLL2Config
 .text.RCC_PLL2Cmd
                0x08005cd8       0x20 stm32f10x_rcc.o
                0x08005cd8                RCC_PLL2Cmd
 .text.RCC_PLL3Config
                0x08005cf8       0x40 stm32f10x_rcc.o
                0x08005cf8                RCC_PLL3Config
 .text.RCC_PLL3Cmd
                0x08005d38       0x20 stm32f10x_rcc.o
                0x08005d38                RCC_PLL3Cmd
 .text.RCC_SYSCLKConfig
                0x08005d58       0x40 stm32f10x_rcc.o
                0x08005d58                RCC_SYSCLKConfig
 .text.RCC_GetSYSCLKSource
                0x08005d98       0x20 stm32f10x_rcc.o
                0x08005d98                RCC_GetSYSCLKSource
 .text.RCC_HCLKConfig
                0x08005db8       0x40 stm32f10x_rcc.o
                0x08005db8                RCC_HCLKConfig
 .text.RCC_PCLK1Config
                0x08005df8       0x40 stm32f10x_rcc.o
                0x08005df8                RCC_PCLK1Config
 .text.RCC_PCLK2Config
                0x08005e38       0x40 stm32f10x_rcc.o
                0x08005e38                RCC_PCLK2Config
 .text.RCC_ITConfig
                0x08005e78       0x5c stm32f10x_rcc.o
                0x08005e78                RCC_ITConfig
 .text.RCC_OTGFSCLKConfig
                0x08005ed4       0x1c stm32f10x_rcc.o
                0x08005ed4                RCC_OTGFSCLKConfig
 .text.RCC_ADCCLKConfig
                0x08005ef0       0x40 stm32f10x_rcc.o
                0x08005ef0                RCC_ADCCLKConfig
 .text.RCC_I2S2CLKConfig
                0x08005f30       0x20 stm32f10x_rcc.o
                0x08005f30                RCC_I2S2CLKConfig
 .text.RCC_I2S3CLKConfig
                0x08005f50       0x20 stm32f10x_rcc.o
                0x08005f50                RCC_I2S3CLKConfig
 .text.RCC_LSEConfig
                0x08005f70       0x54 stm32f10x_rcc.o
                0x08005f70                RCC_LSEConfig
 .text.RCC_LSICmd
                0x08005fc4       0x20 stm32f10x_rcc.o
                0x08005fc4                RCC_LSICmd
 .text.RCC_RTCCLKConfig
                0x08005fe4       0x2c stm32f10x_rcc.o
                0x08005fe4                RCC_RTCCLKConfig
 .text.RCC_RTCCLKCmd
                0x08006010       0x20 stm32f10x_rcc.o
                0x08006010                RCC_RTCCLKCmd
 .text.RCC_GetClocksFreq
                0x08006030      0x230 stm32f10x_rcc.o
                0x08006030                RCC_GetClocksFreq
 .text.RCC_AHBPeriphClockCmd
                0x08006260       0x50 stm32f10x_rcc.o
                0x08006260                RCC_AHBPeriphClockCmd
 .text.RCC_APB2PeriphClockCmd
                0x080062b0       0x50 stm32f10x_rcc.o
                0x080062b0                RCC_APB2PeriphClockCmd
 .text.RCC_APB1PeriphClockCmd
                0x08006300       0x50 stm32f10x_rcc.o
                0x08006300                RCC_APB1PeriphClockCmd
 .text.RCC_AHBPeriphResetCmd
                0x08006350       0x50 stm32f10x_rcc.o
                0x08006350                RCC_AHBPeriphResetCmd
 .text.RCC_APB2PeriphResetCmd
                0x080063a0       0x50 stm32f10x_rcc.o
                0x080063a0                RCC_APB2PeriphResetCmd
 .text.RCC_APB1PeriphResetCmd
                0x080063f0       0x50 stm32f10x_rcc.o
                0x080063f0                RCC_APB1PeriphResetCmd
 .text.RCC_BackupResetCmd
                0x08006440       0x20 stm32f10x_rcc.o
                0x08006440                RCC_BackupResetCmd
 .text.RCC_ClockSecuritySystemCmd
                0x08006460       0x20 stm32f10x_rcc.o
                0x08006460                RCC_ClockSecuritySystemCmd
 .text.RCC_MCOConfig
                0x08006480       0x20 stm32f10x_rcc.o
                0x08006480                RCC_MCOConfig
 .text.RCC_GetFlagStatus
                0x080064a0       0x84 stm32f10x_rcc.o
                0x080064a0                RCC_GetFlagStatus
 .text.RCC_ClearFlag
                0x08006524       0x24 stm32f10x_rcc.o
                0x08006524                RCC_ClearFlag
 .text.RCC_GetITStatus
                0x08006548       0x38 stm32f10x_rcc.o
                0x08006548                RCC_GetITStatus
 .text.RCC_ClearITPendingBit
                0x08006580       0x20 stm32f10x_rcc.o
                0x08006580                RCC_ClearITPendingBit
 .text          0x080065a0        0x0 Os_Cfg.o
 .text          0x080065a0        0x0 EcuM.o
 .text.EcuM_Init
                0x080065a0      0x108 EcuM.o
                0x080065a0                EcuM_Init
 .text.EcuM_Shutdown
                0x080066a8       0x28 EcuM.o
                0x080066a8                EcuM_Shutdown
 .text.EcuM_SelectApplicationMode
                0x080066d0       0x24 EcuM.o
                0x080066d0                EcuM_SelectApplicationMode
 .text.EcuM_GetApplicationMode
                0x080066f4       0x24 EcuM.o
                0x080066f4                EcuM_GetApplicationMode
 .text.EcuM_SelectBootTarget
                0x08006718       0x18 EcuM.o
                0x08006718                EcuM_SelectBootTarget
 .text.EcuM_GetBootTarget
                0x08006730       0x18 EcuM.o
                0x08006730                EcuM_GetBootTarget
 .text.EcuM_SelectShutdownTarget
                0x08006748       0x34 EcuM.o
                0x08006748                EcuM_SelectShutdownTarget
 .text.EcuM_GetShutdownTarget
                0x0800677c       0x34 EcuM.o
                0x0800677c                EcuM_GetShutdownTarget
 .text.EcuM_GetLastShutdownTarget
                0x080067b0       0x18 EcuM.o
                0x080067b0                EcuM_GetLastShutdownTarget
 .text.EcuM_SetWakeupEvent
                0x080067c8       0x58 EcuM.o
                0x080067c8                EcuM_SetWakeupEvent
 .text.EcuM_ClearWakeupEvent
                0x08006820       0x48 EcuM.o
                0x08006820                EcuM_ClearWakeupEvent
 .text.EcuM_GetPendingWakeupEvents
                0x08006868       0x18 EcuM.o
                0x08006868                EcuM_GetPendingWakeupEvents
 .text.EcuM_GetValidatedWakeupEvents
                0x08006880       0x18 EcuM.o
                0x08006880                EcuM_GetValidatedWakeupEvents
 .text.EcuM_ValidateWakeupEvent
                0x08006898       0x2c EcuM.o
                0x08006898                EcuM_ValidateWakeupEvent
 .text          0x080068c4        0x0 EcuM_Fixed.o
 .text.EcuM_StartupTwo
                0x080068c4       0x34 EcuM_Fixed.o
                0x080068c4                EcuM_StartupTwo
 .text.EcuM_GetState
                0x080068f8       0x24 EcuM_Fixed.o
                0x080068f8                EcuM_GetState
 .text.EcuM_RequestRUN
                0x0800691c       0x4c EcuM_Fixed.o
                0x0800691c                EcuM_RequestRUN
 .text.EcuM_ReleaseRUN
                0x08006968       0x38 EcuM_Fixed.o
                0x08006968                EcuM_ReleaseRUN
 .text.EcuM_KillAllRUNRequests
                0x080069a0       0x34 EcuM_Fixed.o
                0x080069a0                EcuM_KillAllRUNRequests
 .text.EcuM_RequestPOST_RUN
                0x080069d4       0x4c EcuM_Fixed.o
                0x080069d4                EcuM_RequestPOST_RUN
 .text.EcuM_ReleasePOST_RUN
                0x08006a20       0x38 EcuM_Fixed.o
                0x08006a20                EcuM_ReleasePOST_RUN
 .text.EcuM_GetStatusOfWakeupSource
                0x08006a58       0x38 EcuM_Fixed.o
                0x08006a58                EcuM_GetStatusOfWakeupSource
 .text          0x08006a90        0x0 EcuM_Main.o
 .text.__disable_irq
                0x08006a90       0x10 EcuM_Main.o
 .text._Irq_Save
                0x08006aa0       0x1c EcuM_Main.o
 .text._Irq_Restore
                0x08006abc       0x14 EcuM_Main.o
 .text.SetCurrentState
                0x08006ad0       0x58 EcuM_Main.o
                0x08006ad0                SetCurrentState
 .text.SetComMCommunicationAllowed
                0x08006b28       0x18 EcuM_Main.o
 .text.EcuM_enter_run_mode
                0x08006b40       0x18 EcuM_Main.o
                0x08006b40                EcuM_enter_run_mode
 .text.enter_go_sleep_mode
                0x08006b58       0x10 EcuM_Main.o
 .text.in_state_goSleep
                0x08006b68       0xbc EcuM_Main.o
 .text.in_state_sleep
                0x08006c24       0x48 EcuM_Main.o
 .text.enter_go_off_one_mode
                0x08006c6c       0x18 EcuM_Main.o
 .text.hasRunRequests
                0x08006c84       0x2c EcuM_Main.o
 .text.hasPostRunRequests
                0x08006cb0       0x24 EcuM_Main.o
 .text.in_state_appRun
                0x08006cd4       0x5c EcuM_Main.o
 .text.in_state_appPostRun
                0x08006d30       0x30 EcuM_Main.o
 .text.in_state_prepShutdown
                0x08006d60       0x38 EcuM_Main.o
 .text.in_state_goOffOne
                0x08006d98        0xc EcuM_Main.o
 .text.EcuM_MainFunction
                0x08006da4      0x328 EcuM_Main.o
                0x08006da4                EcuM_MainFunction
 .text          0x080070cc        0x0 EcuM_PBcfg.o
 .text          0x080070cc        0x0 EcuM_PBHeader.o
 .text          0x080070cc        0x0 EcuM_Callout_Stubs.o
 .text.EcuM_ErrorHook
                0x080070cc       0x10 EcuM_Callout_Stubs.o
                0x080070cc                EcuM_ErrorHook
 .text._dummy   0x080070dc        0xc EcuM_Callout_Stubs.o
 .text.EcuM_DeterminePbConfiguration
                0x080070e8       0x28 EcuM_Callout_Stubs.o
                0x080070e8                EcuM_DeterminePbConfiguration
 .text.EcuM_AL_DriverInitZero
                0x08007110       0x10 EcuM_Callout_Stubs.o
                0x08007110                EcuM_AL_DriverInitZero
 .text.EcuM_AL_DriverInitOne
                0x08007120       0x48 EcuM_Callout_Stubs.o
                0x08007120                EcuM_AL_DriverInitOne
 .text.EcuM_AL_DriverInitTwo
                0x08007168       0x54 EcuM_Callout_Stubs.o
                0x08007168                EcuM_AL_DriverInitTwo
 .text.EcuM_AL_DriverInitThree
                0x080071bc       0x14 EcuM_Callout_Stubs.o
                0x080071bc                EcuM_AL_DriverInitThree
 .text.EcuM_LoopDetection
                0x080071d0       0x10 EcuM_Callout_Stubs.o
                0x080071d0                EcuM_LoopDetection
 .text.EcuM_OnEnterRun
                0x080071e0        0xc EcuM_Callout_Stubs.o
                0x080071e0                EcuM_OnEnterRun
 .text.EcuM_OnExitRun
                0x080071ec        0xc EcuM_Callout_Stubs.o
                0x080071ec                EcuM_OnExitRun
 .text.EcuM_OnExitPostRun
                0x080071f8        0xc EcuM_Callout_Stubs.o
                0x080071f8                EcuM_OnExitPostRun
 .text.EcuM_OnPrepShutdown
                0x08007204        0xc EcuM_Callout_Stubs.o
                0x08007204                EcuM_OnPrepShutdown
 .text.EcuM_OnGoSleep
                0x08007210        0xc EcuM_Callout_Stubs.o
                0x08007210                EcuM_OnGoSleep
 .text.EcuM_OnGoOffOne
                0x0800721c        0xc EcuM_Callout_Stubs.o
                0x0800721c                EcuM_OnGoOffOne
 .text.EcuM_OnGoOffTwo
                0x08007228        0xc EcuM_Callout_Stubs.o
                0x08007228                EcuM_OnGoOffTwo
 .text.EcuM_AL_SwitchOff
                0x08007234        0xc EcuM_Callout_Stubs.o
                0x08007234                EcuM_AL_SwitchOff
 .text.EcuM_CheckWakeup
                0x08007240       0x2c EcuM_Callout_Stubs.o
                0x08007240                EcuM_CheckWakeup
 .text.EcuM_EnableWakeupSources
                0x0800726c       0x14 EcuM_Callout_Stubs.o
                0x0800726c                EcuM_EnableWakeupSources
 .text.EcuM_DisableWakeupSources
                0x08007280       0x14 EcuM_Callout_Stubs.o
                0x08007280                EcuM_DisableWakeupSources
 .text.EcuM_StartWakeupSources
                0x08007294       0x24 EcuM_Callout_Stubs.o
                0x08007294                EcuM_StartWakeupSources
 .text.EcuM_StopWakeupSources
                0x080072b8       0x24 EcuM_Callout_Stubs.o
                0x080072b8                EcuM_StopWakeupSources
 .text.EcuM_CheckValidation
                0x080072dc       0x24 EcuM_Callout_Stubs.o
                0x080072dc                EcuM_CheckValidation
 .text.EcuM_AL_DriverRestart
                0x08007300       0x50 EcuM_Callout_Stubs.o
                0x08007300                EcuM_AL_DriverRestart
 .text.EcuM_OnWakeupReaction
                0x08007350       0x28 EcuM_Callout_Stubs.o
                0x08007350                EcuM_OnWakeupReaction
 .text.EcuM_GenerateRamHash
                0x08007378       0x20 EcuM_Callout_Stubs.o
                0x08007378                EcuM_GenerateRamHash
 .text.EcuM_CheckRamHash
                0x08007398       0x24 EcuM_Callout_Stubs.o
                0x08007398                EcuM_CheckRamHash
 .text          0x080073bc        0x0 Mcu.o
 .text.__enable_irq
                0x080073bc       0x10 Mcu.o
 .text.__DSB    0x080073cc       0x10 Mcu.o
 .text.NVIC_SystemReset
                0x080073dc       0x2c Mcu.o
 .text.Mcu_IdentifyCore
                0x08007408       0x50 Mcu.o
 .text.Mcu_CheckCpu
                0x08007458       0x2c Mcu.o
 .text.GetPllValueFromMult
                0x08007484       0x1c Mcu.o
 .text.GetPll2ValueFromMult
                0x080074a0       0x1c Mcu.o
 .text.SetClocks
                0x080074bc      0x228 Mcu.o
 .text.InitPerClocks
                0x080076e4       0x6c Mcu.o
 .text.InitMcuClocks
                0x08007750       0xc8 Mcu.o
 .text.Mcu_Init
                0x08007818       0x50 Mcu.o
                0x08007818                Mcu_Init
 .text.Mcu_InitRamSection
                0x08007868       0x5c Mcu.o
                0x08007868                Mcu_InitRamSection
 .text.Mcu_InitClock
                0x080078c4       0x98 Mcu.o
                0x080078c4                Mcu_InitClock
 .text.Mcu_DistributePllClock
                0x0800795c       0x30 Mcu.o
                0x0800795c                Mcu_DistributePllClock
 .text.Mcu_GetPllStatus
                0x0800798c       0x50 Mcu.o
                0x0800798c                Mcu_GetPllStatus
 .text.Mcu_GetResetReason
                0x080079dc       0x74 Mcu.o
                0x080079dc                Mcu_GetResetReason
 .text.Mcu_GetResetRawValue
                0x08007a50       0x58 Mcu.o
                0x08007a50                Mcu_GetResetRawValue
 .text.Mcu_SetMode
                0x08007aa8       0x40 Mcu.o
                0x08007aa8                Mcu_SetMode
 .text.Mcu_Arc_GetSystemClock
                0x08007ae8       0xb4 Mcu.o
                0x08007ae8                Mcu_Arc_GetSystemClock
 .text.Mcu_Arc_GetPeripheralClock
                0x08007b9c       0x44 Mcu.o
                0x08007b9c                Mcu_Arc_GetPeripheralClock
 .text.Mcu_GetVersionInfo
                0x08007be0       0x40 Mcu.o
                0x08007be0                Mcu_GetVersionInfo
 .text.Mcu_Arc_DeInit
                0x08007c20       0x18 Mcu.o
                0x08007c20                Mcu_Arc_DeInit
 .text.Mcu_ConfigureFlash
                0x08007c38        0xc Mcu.o
                0x08007c38                Mcu_ConfigureFlash
 .text          0x08007c44        0x0 Mcu_LCfg.o
 .text          0x08007c44        0x0 Mcu_PBcfg.o
 .text          0x08007c44        0x0 Dio.o
 .text.Channel_Config_Contains
                0x08007c44       0x4c Dio.o
 .text.Port_Config_Contains
                0x08007c90       0x4c Dio.o
 .text.Channel_Group_Config_Contains
                0x08007cdc       0x60 Dio.o
 .text.Dio_ReadPort
                0x08007d3c       0x70 Dio.o
                0x08007d3c                Dio_ReadPort
 .text.Dio_WritePort
                0x08007dac       0x68 Dio.o
                0x08007dac                Dio_WritePort
 .text.Dio_ReadChannel
                0x08007e14       0x84 Dio.o
                0x08007e14                Dio_ReadChannel
 .text.Dio_WriteChannel
                0x08007e98       0xa4 Dio.o
                0x08007e98                Dio_WriteChannel
 .text.Dio_ReadChannelGroup
                0x08007f3c       0x74 Dio.o
                0x08007f3c                Dio_ReadChannelGroup
 .text.Dio_WriteChannelGroup
                0x08007fb0       0xa8 Dio.o
                0x08007fb0                Dio_WriteChannelGroup
 .text.Dio_Init
                0x08008058       0x3c Dio.o
                0x08008058                Dio_Init
 .text          0x08008094        0x0 Dio_Lcfg.o
 .text          0x08008094        0x0 Port.o
 .text.Port_Init
                0x08008094       0xd4 Port.o
                0x08008094                Port_Init
 .text.Port_SetPinDirection
                0x08008168      0x124 Port.o
                0x08008168                Port_SetPinDirection
 .text.Port_RefreshPortDirection
                0x0800828c       0x24 Port.o
                0x0800828c                Port_RefreshPortDirection
 .text.Port_GetVersionInfo
                0x080082b0       0x34 Port.o
                0x080082b0                Port_GetVersionInfo
 .text          0x080082e4        0x0 Port_Lcfg.o
 .text          0x080082e4        0x0 Port_PBcfg.o
 .text          0x080082e4       0xcc arch_krn.o
                0x080082e4                SVC_Handler
                0x080082e8                PendSV_Handler
                0x08008308                Irq_Handler
                0x08008342                Irq_EOI2
                0x08008354                Os_ArchSetSpAndCall
                0x0800835e                Os_ArchSwapContext
                0x08008372                Os_ArchSwapContextTo
 .text          0x080083b0        0x0 os_event.o
 .text.__disable_irq
                0x080083b0       0x10 os_event.o
 .text._Irq_Save
                0x080083c0       0x1c os_event.o
 .text._Irq_Restore
                0x080083dc       0x14 os_event.o
 .text.Os_SysTaskGetCurr
                0x080083f0       0x18 os_event.o
 .text.Os_SchedulerResourceIsFree
                0x08008408       0x28 os_event.o
 .text.Os_TaskGet
                0x08008430       0x2c os_event.o
 .text.Os_TaskOccupiesResources
                0x0800845c       0x24 os_event.o
 .text.WaitEvent
                0x08008480      0x11c os_event.o
                0x08008480                WaitEvent
 .text.SetEvent
                0x0800859c      0x16c os_event.o
                0x0800859c                SetEvent
 .text.GetEvent
                0x08008708       0xec os_event.o
                0x08008708                GetEvent
 .text.ClearEvent
                0x080087f4       0xe0 os_event.o
                0x080087f4                ClearEvent
 .text          0x080088d4        0x0 os_init.o
 .text.__disable_irq
                0x080088d4       0x10 os_init.o
 .text.Os_TaskGet
                0x080088e4       0x2c os_init.o
 .text.copyPcbParts
                0x08008910       0x30 os_init.o
 .text.InitOS   0x08008940       0xfc os_init.o
                0x08008940                InitOS
 .text.os_start
                0x08008a3c      0x110 os_init.o
 .text.main     0x08008b4c       0x10 os_init.o
                0x08008b4c                main
 .text.StartOS  0x08008b5c       0x2c os_init.o
                0x08008b5c                StartOS
 .text.ShutdownOS
                0x08008b88       0x34 os_init.o
                0x08008b88                ShutdownOS
 .text          0x08008bbc        0x0 arch.o
 .text.__enable_irq
                0x08008bbc       0x10 arch.o
 .text.Os_ArchFirstCall
                0x08008bcc       0x1c arch.o
                0x08008bcc                Os_ArchFirstCall
 .text.Os_ArchGetStackPtr
                0x08008be8       0x10 arch.o
                0x08008be8                Os_ArchGetStackPtr
 .text.Os_ArchGetScSize
                0x08008bf8       0x10 arch.o
                0x08008bf8                Os_ArchGetScSize
 .text.Os_ArchSetTaskEntry
                0x08008c08       0x58 arch.o
                0x08008c08                Os_ArchSetTaskEntry
 .text.Os_ArchSetupContext
                0x08008c60       0x14 arch.o
                0x08008c60                Os_ArchSetupContext
 .text.Os_ArchInit
                0x08008c74        0xc arch.o
                0x08008c74                Os_ArchInit
 .text          0x08008c80        0x0 os_task.o
 .text.__disable_irq
                0x08008c80       0x10 os_task.o
 .text._Irq_Save
                0x08008c90       0x1c os_task.o
 .text._Irq_Restore
                0x08008cac       0x14 os_task.o
 .text.Os_SysTaskSetCurr
                0x08008cc0       0x20 os_task.o
 .text.Os_SysTaskGetCurr
                0x08008ce0       0x18 os_task.o
 .text.Os_SysIsrGetCurr
                0x08008cf8       0x18 os_task.o
 .text.Os_SysIntAnyDisabled
                0x08008d10       0x40 os_task.o
 .text.Os_SysIntClearAll
                0x08008d50       0x30 os_task.o
 .text.Os_SchedulerResourceIsFree
                0x08008d80       0x28 os_task.o
 .text.Os_TaskMakeRunning
                0x08008da8       0x18 os_task.o
 .text.Os_TaskGet
                0x08008dc0       0x2c os_task.o
 .text.Os_TaskResourceRemove
                0x08008dec       0x80 os_task.o
 .text.Os_TaskResourceFreeAll
                0x08008e6c       0x2c os_task.o
 .text.Os_StackGetUsage
                0x08008e98       0x3c os_task.o
 .text.Os_StackSetEndmark
                0x08008ed4       0x20 os_task.o
 .text.Os_StackIsEndmarkOk
                0x08008ef4       0x2c os_task.o
 .text.Os_TaskOccupiesResources
                0x08008f20       0x24 os_task.o
 .text.Os_TaskRunningToReady
                0x08008f44       0x20 os_task.o
 .text.Os_TaskMakeReady
                0x08008f64       0x5c os_task.o
                0x08008f64                Os_TaskMakeReady
 .text.Os_TaskMakeWaiting
                0x08008fc0       0x60 os_task.o
                0x08008fc0                Os_TaskMakeWaiting
 .text.Os_TaskMakeSuspended
                0x08009020       0x60 os_task.o
 .text.Os_TaskStartExtended
                0x08009080       0xa8 os_task.o
                0x08009080                Os_TaskStartExtended
 .text.Os_TaskStartBasic
                0x08009128       0xa8 os_task.o
                0x08009128                Os_TaskStartBasic
 .text.Os_StackSetup
                0x080091d0       0x4c os_task.o
                0x080091d0                Os_StackSetup
 .text.Os_StackFill
                0x0800921c       0x3c os_task.o
 .text.Os_TaskContextInit
                0x08009258       0x40 os_task.o
                0x08009258                Os_TaskContextInit
 .text.Os_TaskGetTop
                0x08009298       0x80 os_task.o
                0x08009298                Os_TaskGetTop
 .text.Os_TaskSetupAndSwap
                0x08009318       0x20 os_task.o
                0x08009318                Os_TaskSetupAndSwap
 .text.Os_Dispatch
                0x08009338      0x258 os_task.o
                0x08009338                Os_Dispatch
 .text.Os_TaskSwapContext
                0x08009590       0x90 os_task.o
                0x08009590                Os_TaskSwapContext
 .text.Os_TaskSwapContextTo
                0x08009620       0x90 os_task.o
                0x08009620                Os_TaskSwapContextTo
 .text.Os_Arc_GetStackInfo
                0x080096b0       0x4c os_task.o
                0x080096b0                Os_Arc_GetStackInfo
 .text.Os_Arc_GetTaskName
                0x080096fc       0x34 os_task.o
                0x080096fc                Os_Arc_GetTaskName
 .text.GetTaskState
                0x08009730      0x11c os_task.o
                0x08009730                GetTaskState
 .text.GetTaskID
                0x0800984c       0x58 os_task.o
                0x0800984c                GetTaskID
 .text.GetISRID
                0x080098a4       0x28 os_task.o
                0x080098a4                GetISRID
 .text.Os_Arc_SetCleanContext
                0x080098cc       0x38 os_task.o
 .text.ActivateTask
                0x08009904      0x17c os_task.o
                0x08009904                ActivateTask
 .text.TerminateTask
                0x08009a80       0xc0 os_task.o
                0x08009a80                TerminateTask
 .text.ChainTask
                0x08009b40      0x158 os_task.o
                0x08009b40                ChainTask
 .text.Schedule
                0x08009c98      0x108 os_task.o
                0x08009c98                Schedule
 .text.Os_Arc_GetTaskInfo
                0x08009da0       0x30 os_task.o
                0x08009da0                Os_Arc_GetTaskInfo
 .text          0x08009dd0        0x0 os_resource.o
 .text.__disable_irq
                0x08009dd0       0x10 os_resource.o
 .text._Irq_Save
                0x08009de0       0x1c os_resource.o
 .text._Irq_Restore
                0x08009dfc       0x14 os_resource.o
 .text.Os_SysTaskGetCurr
                0x08009e10       0x18 os_resource.o
 .text.Os_SysIsrGetCurr
                0x08009e28       0x18 os_resource.o
 .text.Os_ResourceGet
                0x08009e40       0x18 os_resource.o
 .text.Os_SchedulerResourceIsFree
                0x08009e58       0x28 os_resource.o
 .text.Os_TaskResourceAdd
                0x08009e80       0x58 os_resource.o
 .text.Os_TaskResourceRemove
                0x08009ed8       0x80 os_resource.o
 .text.GetResource
                0x08009f58      0x17c os_resource.o
                0x08009f58                GetResource
 .text.ReleaseResource
                0x0800a0d4      0x160 os_resource.o
                0x0800a0d4                ReleaseResource
 .text.Os_ResourceGetInternal
                0x0800a234       0x28 os_resource.o
                0x0800a234                Os_ResourceGetInternal
 .text.Os_ResourceReleaseInternal
                0x0800a25c       0x28 os_resource.o
                0x0800a25c                Os_ResourceReleaseInternal
 .text.Os_ResourceInit
                0x0800a284       0x58 os_resource.o
                0x0800a284                Os_ResourceInit
 .text          0x0800a2dc        0x0 os_alarm.o
 .text.__disable_irq
                0x0800a2dc       0x10 os_alarm.o
 .text._Irq_Save
                0x0800a2ec       0x1c os_alarm.o
 .text._Irq_Restore
                0x0800a308       0x14 os_alarm.o
 .text.Os_CounterGetMaxValue
                0x0800a31c       0x18 os_alarm.o
 .text.Os_CounterGetValue
                0x0800a334       0x18 os_alarm.o
 .text.Os_CounterDiff
                0x0800a34c       0x34 os_alarm.o
 .text.Os_CounterAdd
                0x0800a380       0x44 os_alarm.o
 .text.Os_AlarmGet
                0x0800a3c4       0x34 os_alarm.o
 .text.Os_AlarmGetBase
                0x0800a3f8       0x4c os_alarm.o
 .text.GetAlarmBase
                0x0800a444       0xcc os_alarm.o
                0x0800a444                GetAlarmBase
 .text.GetAlarm
                0x0800a510      0x11c os_alarm.o
                0x0800a510                GetAlarm
 .text.SetRelAlarm
                0x0800a62c      0x164 os_alarm.o
                0x0800a62c                SetRelAlarm
 .text.SetAbsAlarm
                0x0800a790      0x140 os_alarm.o
                0x0800a790                SetAbsAlarm
 .text.CancelAlarm
                0x0800a8d0       0xe8 os_alarm.o
                0x0800a8d0                CancelAlarm
 .text.AlarmProcess
                0x0800a9b8       0x4c os_alarm.o
 .text.Os_AlarmCheck
                0x0800aa04      0x114 os_alarm.o
                0x0800aa04                Os_AlarmCheck
 .text.Os_AlarmAutostart
                0x0800ab18       0x84 os_alarm.o
                0x0800ab18                Os_AlarmAutostart
 .text          0x0800ab9c        0x0 os_sched_table.o
 .text.__disable_irq
                0x0800ab9c       0x10 os_sched_table.o
 .text._Irq_Save
                0x0800abac       0x1c os_sched_table.o
 .text._Irq_Restore
                0x0800abc8       0x14 os_sched_table.o
 .text.Os_CounterGetMaxValue
                0x0800abdc       0x18 os_sched_table.o
 .text.Os_CounterGetMinCycle
                0x0800abf4       0x18 os_sched_table.o
 .text.Os_CounterGetValue
                0x0800ac0c       0x18 os_sched_table.o
 .text.Os_CounterAdd
                0x0800ac24       0x44 os_sched_table.o
 .text.Os_SchTblGet
                0x0800ac68       0x18 os_sched_table.o
 .text.Os_SchTblGetInitialOffset
                0x0800ac80       0x1c os_sched_table.o
 .text.Os_SchTblGetFinalOffset
                0x0800ac9c       0x30 os_sched_table.o
 .text.Os_SchTblUpdateState
                0x0800accc      0x1a8 os_sched_table.o
 .text.ScheduleTableConsistenyCheck
                0x0800ae74       0xb0 os_sched_table.o
 .text.StartScheduleTableRel
                0x0800af24      0x114 os_sched_table.o
                0x0800af24                StartScheduleTableRel
 .text.StartScheduleTableAbs
                0x0800b038       0xec os_sched_table.o
                0x0800b038                StartScheduleTableAbs
 .text.StopScheduleTable
                0x0800b124       0xb4 os_sched_table.o
                0x0800b124                StopScheduleTable
 .text.NextScheduleTable
                0x0800b1d8      0x13c os_sched_table.o
                0x0800b1d8                NextScheduleTable
 .text.GetScheduleTableStatus
                0x0800b314       0xc8 os_sched_table.o
                0x0800b314                GetScheduleTableStatus
 .text.Os_SchTblCheck
                0x0800b3dc       0xd0 os_sched_table.o
                0x0800b3dc                Os_SchTblCheck
 .text.Os_SchTblInit
                0x0800b4ac       0x18 os_sched_table.o
                0x0800b4ac                Os_SchTblInit
 .text.Os_SchTblAutostart
                0x0800b4c4       0x18 os_sched_table.o
                0x0800b4c4                Os_SchTblAutostart
 .text          0x0800b4dc        0x0 os_counter.o
 .text.__disable_irq
                0x0800b4dc       0x10 os_counter.o
 .text._Irq_Save
                0x0800b4ec       0x1c os_counter.o
 .text._Irq_Restore
                0x0800b508       0x14 os_counter.o
 .text.Os_CounterGetMaxValue
                0x0800b51c       0x18 os_counter.o
 .text.Os_CounterGet
                0x0800b534       0x2c os_counter.o
 .text.Os_CounterDiff
                0x0800b560       0x34 os_counter.o
 .text.Os_CounterAdd
                0x0800b594       0x44 os_counter.o
 .text.Os_AlarmGet
                0x0800b5d8       0x34 os_counter.o
 .text.IncrementCounter
                0x0800b60c       0xe8 os_counter.o
                0x0800b60c                IncrementCounter
 .text.GetCounterValue
                0x0800b6f4       0xd0 os_counter.o
                0x0800b6f4                GetCounterValue
 .text.GetElapsedValue
                0x0800b7c4       0xf4 os_counter.o
                0x0800b7c4                GetElapsedValue
 .text.OsTick   0x0800b8b8       0x68 os_counter.o
                0x0800b8b8                OsTick
 .text.GetOsTick
                0x0800b920       0x18 os_counter.o
                0x0800b920                GetOsTick
 .text.Os_CounterInit
                0x0800b938       0x40 os_counter.o
                0x0800b938                Os_CounterInit
 .text          0x0800b978        0x0 sys_tick.o
 .text.SysTick_Config
                0x0800b978       0x4c sys_tick.o
 .text.Os_SysTickInit
                0x0800b9c4       0x14 sys_tick.o
                0x0800b9c4                Os_SysTickInit
 .text.Os_SysTickStart
                0x0800b9d8       0x14 sys_tick.o
                0x0800b9d8                Os_SysTickStart
 .text          0x0800b9ec        0x0 os_isr.o
 .text.__enable_irq
                0x0800b9ec       0x10 os_isr.o
 .text.__disable_irq
                0x0800b9fc       0x10 os_isr.o
 .text.Os_SysTaskGetCurr
                0x0800ba0c       0x18 os_isr.o
 .text.Os_SysIntAnyDisabled
                0x0800ba24       0x40 os_isr.o
 .text.Os_SysIntClearAll
                0x0800ba64       0x30 os_isr.o
 .text.Os_SchedulerResourceIsFree
                0x0800ba94       0x28 os_isr.o
 .text.Os_ApplGetCore
                0x0800babc       0x2c os_isr.o
 .text.Os_StackIsEndmarkOk
                0x0800bae8       0x2c os_isr.o
 .text.Os_StackPerformCheck
                0x0800bb14       0x28 os_isr.o
 .text.Os_IsrResourceAdd
                0x0800bb3c       0x28 os_isr.o
                0x0800bb3c                Os_IsrResourceAdd
 .text.Os_IsrResourceRemove
                0x0800bb64       0x78 os_isr.o
 .text.Os_IsrResourceFreeAll
                0x0800bbdc       0x2c os_isr.o
 .text.Os_IsrOccupiesResources
                0x0800bc08       0x24 os_isr.o
 .text.Os_IsrInit
                0x0800bc2c       0x28 os_isr.o
                0x0800bc2c                Os_IsrInit
 .text.Os_IsrAdd
                0x0800bc54       0xe8 os_isr.o
                0x0800bc54                Os_IsrAdd
 .text.TailChaining
                0x0800bd3c       0xe0 os_isr.o
                0x0800bd3c                TailChaining
 .text.Os_Isr_cm3
                0x0800be1c      0x19c os_isr.o
                0x0800be1c                Os_Isr_cm3
 .text.Os_IsrGetStackInfo
                0x0800bfb8       0x28 os_isr.o
                0x0800bfb8                Os_IsrGetStackInfo
 .text.Os_IsrGet
                0x0800bfe0       0x44 os_isr.o
                0x0800bfe0                Os_IsrGet
 .text.Os_IsrGetApplicationOwner
                0x0800c024       0x40 os_isr.o
                0x0800c024                Os_IsrGetApplicationOwner
 .text.Os_Isr   0x0800c064      0x250 os_isr.o
                0x0800c064                Os_Isr
 .text.Os_Arc_GetIsrInfo
                0x0800c2b4       0x40 os_isr.o
                0x0800c2b4                Os_Arc_GetIsrInfo
 .text.Os_Arc_GetIsrCount
                0x0800c2f4       0x18 os_isr.o
                0x0800c2f4                Os_Arc_GetIsrCount
 .text          0x0800c30c        0x0 os_arctest.o
 .text.Os_TaskGet
                0x0800c30c       0x2c os_arctest.o
 .text.Os_ArcTest_GetTaskActivationLimit
                0x0800c338       0x24 os_arctest.o
                0x0800c338                Os_ArcTest_GetTaskActivationLimit
 .text.Os_ArcTest_SetIrqNestLevel
                0x0800c35c       0x20 os_arctest.o
                0x0800c35c                Os_ArcTest_SetIrqNestLevel
 .text          0x0800c37c        0x0 os_application.o
 .text.Os_ResourceGet
                0x0800c37c       0x18 os_application.o
 .text.Os_ResourceGetApplicationOwner
                0x0800c394       0x20 os_application.o
 .text.Os_ApplGet
                0x0800c3b4       0x24 os_application.o
 .text.Os_TaskGet
                0x0800c3d8       0x2c os_application.o
 .text.Os_TaskGetApplicationOwner
                0x0800c404       0x3c os_application.o
 .text.Os_CounterGet
                0x0800c440       0x2c os_application.o
 .text.Os_CounterGetApplicationOwner
                0x0800c46c       0x34 os_application.o
 .text.Os_AlarmGet
                0x0800c4a0       0x34 os_application.o
 .text.Os_AlarmGetApplicationOwner
                0x0800c4d4       0x30 os_application.o
 .text.Os_SchTblGet
                0x0800c504       0x18 os_application.o
 .text.Os_SchTblGetApplicationOwner
                0x0800c51c       0x20 os_application.o
 .text.GetApplicationID
                0x0800c53c       0x18 os_application.o
                0x0800c53c                GetApplicationID
 .text.CallTrustedFunction
                0x0800c554       0x1c os_application.o
                0x0800c554                CallTrustedFunction
 .text.CheckISRMemoryAccess
                0x0800c570       0x2c os_application.o
                0x0800c570                CheckISRMemoryAccess
 .text.CheckTaskMemoryAccess
                0x0800c59c       0x2c os_application.o
                0x0800c59c                CheckTaskMemoryAccess
 .text.CheckObjectAccess
                0x0800c5c8      0x22c os_application.o
                0x0800c5c8                CheckObjectAccess
 .text.CheckObjectOwnership
                0x0800c7f4      0x140 os_application.o
                0x0800c7f4                CheckObjectOwnership
 .text.TerminateApplication
                0x0800c934      0x124 os_application.o
                0x0800c934                TerminateApplication
 .text.AllowAccess
                0x0800ca58       0xc8 os_application.o
                0x0800ca58                AllowAccess
 .text.GetApplicationState
                0x0800cb20       0xcc os_application.o
                0x0800cb20                GetApplicationState
 .text.GetActiveApplicationMode
                0x0800cbec       0x24 os_application.o
                0x0800cbec                GetActiveApplicationMode
 .text.Os_ApplStart
                0x0800cc10       0x68 os_application.o
                0x0800cc10                Os_ApplStart
 .text          0x0800cc78        0x0 irq.o
 .text.NVIC_SetPriorityGrouping
                0x0800cc78       0x50 irq.o
 .text.NVIC_SetPriority
                0x0800ccc8       0x58 irq.o
 .text.NVIC_InitVector
                0x0800cd20       0x40 irq.o
 .text.Irq_Init
                0x0800cd60       0x38 irq.o
                0x0800cd60                Irq_Init
 .text.Irq_EOI  0x0800cd98        0xc irq.o
                0x0800cd98                Irq_EOI
 .text.osPrioToCpuPio
                0x0800cda4       0x28 irq.o
 .text.Irq_EnableVector
                0x0800cdcc       0x30 irq.o
                0x0800cdcc                Irq_EnableVector
 .text.Irq_GenerateSoftInt
                0x0800cdfc       0x24 irq.o
                0x0800cdfc                Irq_GenerateSoftInt
 .text.Irq_GetCurrentPriority
                0x0800ce20       0x1c irq.o
                0x0800ce20                Irq_GetCurrentPriority
 .text          0x0800ce3c        0x0 Det.o
 .text.__disable_irq
                0x0800ce3c       0x10 Det.o
 .text._Irq_Save
                0x0800ce4c       0x1c Det.o
 .text._Irq_Restore
                0x0800ce68       0x14 Det.o
 .text.Det_Init
                0x0800ce7c       0x9c Det.o
                0x0800ce7c                Det_Init
 .text.Det_ReportError
                0x0800cf18       0xf0 Det.o
                0x0800cf18                Det_ReportError
 .text.Det_Start
                0x0800d008       0x18 Det.o
                0x0800d008                Det_Start
 .text          0x0800d020        0x0 Det_Cfg.o
 .text          0x0800d020        0x0 Com_Cfg.o
 .text          0x0800d020        0x0 Com_PbCfg.o
 .text          0x0800d020        0x0 Com_Com.o
 .text.getPduId
                0x0800d020       0x34 Com_Com.o
 .text.__disable_irq
                0x0800d054       0x10 Com_Com.o
 .text._Irq_Save
                0x0800d064       0x1c Com_Com.o
 .text._Irq_Restore
                0x0800d080       0x14 Com_Com.o
 .text.ResetInternalCounter
                0x0800d094       0x24 Com_Com.o
                0x0800d094                ResetInternalCounter
 .text.ReSetInternalRxStartSts
                0x0800d0b8       0x24 Com_Com.o
                0x0800d0b8                ReSetInternalRxStartSts
 .text.ResetInternalCounterRxStartSts
                0x0800d0dc       0x40 Com_Com.o
                0x0800d0dc                ResetInternalCounterRxStartSts
 .text.updateIPduCntr
                0x0800d11c       0x9c Com_Com.o
 .text.extractIPduCntr
                0x0800d1b8       0x58 Com_Com.o
 .text.validateIPduCounter
                0x0800d210       0xd0 Com_Com.o
 .text.Com_SendSignal
                0x0800d2e0      0x1d4 Com_Com.o
                0x0800d2e0                Com_SendSignal
 .text.Com_ReceiveSignal
                0x0800d4b4      0x178 Com_Com.o
                0x0800d4b4                Com_ReceiveSignal
 .text.Com_ReceiveDynSignal
                0x0800d62c      0x144 Com_Com.o
                0x0800d62c                Com_ReceiveDynSignal
 .text.Com_SendDynSignal
                0x0800d770      0x210 Com_Com.o
                0x0800d770                Com_SendDynSignal
 .text.Com_TriggerTransmit
                0x0800d980       0xa4 Com_Com.o
                0x0800d980                Com_TriggerTransmit
 .text.Com_TriggerIPDUSend
                0x0800da24      0x248 Com_Com.o
                0x0800da24                Com_TriggerIPDUSend
 .text.Com_RxIndication
                0x0800dc6c      0x190 Com_Com.o
                0x0800dc6c                Com_RxIndication
 .text.Com_TpRxIndication
                0x0800ddfc       0xc4 Com_Com.o
                0x0800ddfc                Com_TpRxIndication
 .text.Com_TpTxConfirmation
                0x0800dec0       0x48 Com_Com.o
                0x0800dec0                Com_TpTxConfirmation
 .text.Com_TxConfirmation
                0x0800df08       0xc0 Com_Com.o
                0x0800df08                Com_TxConfirmation
 .text.Com_SendSignalGroup
                0x0800dfc8      0x1b8 Com_Com.o
                0x0800dfc8                Com_SendSignalGroup
 .text.Com_ReceiveSignalGroup
                0x0800e180       0xb8 Com_Com.o
                0x0800e180                Com_ReceiveSignalGroup
 .text.Com_UpdateShadowSignal
                0x0800e238       0x58 Com_Com.o
                0x0800e238                Com_UpdateShadowSignal
 .text.Com_ReceiveShadowSignal
                0x0800e290       0xec Com_Com.o
                0x0800e290                Com_ReceiveShadowSignal
 .text          0x0800e37c        0x0 Com_Sched.o
 .text.getPduId
                0x0800e37c       0x34 Com_Sched.o
 .text.__disable_irq
                0x0800e3b0       0x10 Com_Sched.o
 .text._Irq_Save
                0x0800e3c0       0x1c Com_Sched.o
 .text._Irq_Restore
                0x0800e3dc       0x14 Com_Sched.o
 .text.Com_MainFunctionRx
                0x0800e3f0      0x2d8 Com_Sched.o
                0x0800e3f0                Com_MainFunctionRx
 .text.Com_MainFunctionTx
                0x0800e6c8      0x1fc Com_Sched.o
                0x0800e6c8                Com_MainFunctionTx
 .text          0x0800e8c4        0x0 Com.o
 .text.__disable_irq
                0x0800e8c4       0x10 Com.o
 .text._Irq_Save
                0x0800e8d4       0x1c Com.o
 .text._Irq_Restore
                0x0800e8f0       0x14 Com.o
 .text.Com_Init
                0x0800e904      0x3a0 Com.o
                0x0800e904                Com_Init
 .text.Com_DeInit
                0x0800eca4       0x74 Com.o
                0x0800eca4                Com_DeInit
 .text.Com_GetStatus
                0x0800ed18       0x18 Com.o
                0x0800ed18                Com_GetStatus
 .text.Com_IpduGroupControl
                0x0800ed30      0x164 Com.o
                0x0800ed30                Com_IpduGroupControl
 .text.Com_ClearIpduGroupVector
                0x0800ee94       0x28 Com.o
                0x0800ee94                Com_ClearIpduGroupVector
 .text.Com_SetIpduGroup
                0x0800eebc       0x84 Com.o
                0x0800eebc                Com_SetIpduGroup
 .text.Com_CopyTxData
                0x0800ef40      0x148 Com.o
                0x0800ef40                Com_CopyTxData
 .text.Com_CopyRxData
                0x0800f088      0x158 Com.o
                0x0800f088                Com_CopyRxData
 .text.Com_SetDynSignalLength
                0x0800f1e0       0x84 Com.o
 .text.Com_StartOfReception
                0x0800f264       0xf0 Com.o
                0x0800f264                Com_StartOfReception
 .text          0x0800f354        0x0 Com_misc.o
 .text.__disable_irq
                0x0800f354       0x10 Com_misc.o
 .text._Irq_Save
                0x0800f364       0x1c Com_misc.o
 .text._Irq_Restore
                0x0800f380       0x14 Com_misc.o
 .text.Com_CopySignalGroupDataFromShadowBufferToPdu
                0x0800f394      0x134 Com_misc.o
                0x0800f394                Com_CopySignalGroupDataFromShadowBufferToPdu
 .text.Com_CopySignalGroupDataFromPduToShadowBuffer
                0x0800f4c8       0xf4 Com_misc.o
                0x0800f4c8                Com_CopySignalGroupDataFromPduToShadowBuffer
 .text.Com_Internal_ReadSignalDataFromPdu
                0x0800f5bc      0x208 Com_misc.o
                0x0800f5bc                Com_Internal_ReadSignalDataFromPdu
 .text.Com_WriteSignalDataToPdu
                0x0800f7c4      0x360 Com_misc.o
                0x0800f7c4                Com_WriteSignalDataToPdu
 .text.Com_RxProcessSignals
                0x0800fb24      0x100 Com_misc.o
                0x0800fb24                Com_RxProcessSignals
 .text.UnlockTpBuffer
                0x0800fc24       0x38 Com_misc.o
                0x0800fc24                UnlockTpBuffer
 .text.Com_Internal_UpdateShadowSignal
                0x0800fc5c       0x60 Com_misc.o
                0x0800fc5c                Com_Internal_UpdateShadowSignal
 .text.SetTxConfirmationStatus
                0x0800fcbc       0x48 Com_misc.o
                0x0800fcbc                SetTxConfirmationStatus
 .text.GetTxConfirmationStatus
                0x0800fd04       0x50 Com_misc.o
                0x0800fd04                GetTxConfirmationStatus
 .text          0x0800fd54        0x0 PduR_CanNm.o
 .text.PduR_CanNmRxIndication
                0x0800fd54       0x20 PduR_CanNm.o
                0x0800fd54                PduR_CanNmRxIndication
 .text.PduR_CanNmTxConfirmation
                0x0800fd74       0x1c PduR_CanNm.o
                0x0800fd74                PduR_CanNmTxConfirmation
 .text.PduR_CanNmTriggerTransmit
                0x0800fd90       0x24 PduR_CanNm.o
                0x0800fd90                PduR_CanNmTriggerTransmit
 .text          0x0800fdb4        0x0 PduR_Com.o
 .text.PduR_ComTransmit
                0x0800fdb4       0x24 PduR_Com.o
                0x0800fdb4                PduR_ComTransmit
 .text.PduR_ComCancelTransmit
                0x0800fdd8       0x20 PduR_Com.o
                0x0800fdd8                PduR_ComCancelTransmit
 .text.PduR_ComChangeParameter
                0x0800fdf8       0x2c PduR_Com.o
                0x0800fdf8                PduR_ComChangeParameter
 .text.PduR_ComCancelReceive
                0x0800fe24       0x20 PduR_Com.o
                0x0800fe24                PduR_ComCancelReceive
 .text          0x0800fe44        0x0 PduR_Logic.o
 .text.PduR_ARC_AllocateBuffer
                0x0800fe44      0x108 PduR_Logic.o
 .text.PduR_ARC_CheckBufferStatus
                0x0800ff4c       0xf4 PduR_Logic.o
 .text.PduR_ARC_ReleaseRxBuffer
                0x08010040       0xb8 PduR_Logic.o
 .text.PduR_ARC_ReleaseTxBuffer
                0x080100f8       0x90 PduR_Logic.o
 .text.PduR_ARC_Transmit
                0x08010188       0xdc PduR_Logic.o
                0x08010188                PduR_ARC_Transmit
 .text.PduR_ARC_RxIndicationTT
                0x08010264       0x6c PduR_Logic.o
 .text.PduR_ARC_RxIndicationDirect
                0x080102d0       0x30 PduR_Logic.o
 .text.PduR_ARC_RxIndicationWithUpBuffer
                0x08010300      0x16c PduR_Logic.o
 .text.PduR_ARC_TpRxIndication
                0x0801046c      0x164 PduR_Logic.o
                0x0801046c                PduR_ARC_TpRxIndication
 .text.PduR_ARC_RxIndication
                0x080105d0      0x1e4 PduR_Logic.o
                0x080105d0                PduR_ARC_RxIndication
 .text.PduR_ARC_TxConfirmation
                0x080107b4      0x198 PduR_Logic.o
                0x080107b4                PduR_ARC_TxConfirmation
 .text.PduR_ARC_TriggerTransmit
                0x0801094c      0x124 PduR_Logic.o
                0x0801094c                PduR_ARC_TriggerTransmit
 .text.PduR_ARC_HasTpModuleDest
                0x08010a70       0x64 PduR_Logic.o
 .text.PduR_ARC_FindUPDest
                0x08010ad4       0x68 PduR_Logic.o
 .text.PduR_UpTransmit
                0x08010b3c       0x28 PduR_Logic.o
                0x08010b3c                PduR_UpTransmit
 .text.PduR_UpCancelTransmit
                0x08010b64       0x1c PduR_Logic.o
                0x08010b64                PduR_UpCancelTransmit
 .text.PduR_UpChangeParameter
                0x08010b80       0x18 PduR_Logic.o
                0x08010b80                PduR_UpChangeParameter
 .text.PduR_UpCancelReceive
                0x08010b98       0x1c PduR_Logic.o
                0x08010b98                PduR_UpCancelReceive
 .text.PduR_LoIfRxIndication
                0x08010bb4       0x24 PduR_Logic.o
                0x08010bb4                PduR_LoIfRxIndication
 .text.PduR_LoIfTxConfirmation
                0x08010bd8       0x28 PduR_Logic.o
                0x08010bd8                PduR_LoIfTxConfirmation
 .text.PduR_LoIfTriggerTransmit
                0x08010c00       0x28 PduR_Logic.o
                0x08010c00                PduR_LoIfTriggerTransmit
 .text.PduR_LoTpCopyRxData
                0x08010c28      0x3d8 PduR_Logic.o
                0x08010c28                PduR_LoTpCopyRxData
 .text.PduR_LoTpRxIndication
                0x08011000       0x28 PduR_Logic.o
                0x08011000                PduR_LoTpRxIndication
 .text.PduR_LoTpStartOfReception
                0x08011028      0x1a8 PduR_Logic.o
                0x08011028                PduR_LoTpStartOfReception
 .text.PduR_LoTpCopyTxData
                0x080111d0      0x350 PduR_Logic.o
                0x080111d0                PduR_LoTpCopyTxData
 .text.PduR_LoTpTxConfirmation
                0x08011520       0x28 PduR_Logic.o
                0x08011520                PduR_LoTpTxConfirmation
 .text          0x08011548        0x0 PduR_LinIf.o
 .text          0x08011548        0x0 PduR_PbCfg.o
 .text          0x08011548        0x0 PduR_Cfg.o
 .text          0x08011548        0x0 PduR_CanIf.o
 .text          0x08011548        0x0 PduR_CanTp.o
 .text          0x08011548        0x0 PduR_J1939Tp.o
 .text          0x08011548        0x0 PduR_IpduM.o
 .text          0x08011548        0x0 PduR_Dcm.o
 .text          0x08011548        0x0 PduR_SoAd.o
 .text          0x08011548        0x0 PduR_Routing.o
 .text.PduR_ARC_RouteTransmit
                0x08011548       0x7c PduR_Routing.o
                0x08011548                PduR_ARC_RouteTransmit
 .text.PduR_ARC_RouteRxIndication
                0x080115c4       0x38 PduR_Routing.o
                0x080115c4                PduR_ARC_RouteRxIndication
 .text.PduR_ARC_RouteTxConfirmation
                0x080115fc       0x38 PduR_Routing.o
                0x080115fc                PduR_ARC_RouteTxConfirmation
 .text.PduR_ARC_RouteTriggerTransmit
                0x08011634       0x40 PduR_Routing.o
                0x08011634                PduR_ARC_RouteTriggerTransmit
 .text.PduR_ARC_RouteCopyRxData
                0x08011674       0x2c PduR_Routing.o
                0x08011674                PduR_ARC_RouteCopyRxData
 .text.PduR_ARC_RouteCopyTxData
                0x080116a0       0x2c PduR_Routing.o
                0x080116a0                PduR_ARC_RouteCopyTxData
 .text.PduR_ARC_RouteStartOfReception
                0x080116cc       0x2c PduR_Routing.o
                0x080116cc                PduR_ARC_RouteStartOfReception
 .text          0x080116f8        0x0 PduR.o
 .text.PduR_Init
                0x080116f8       0xf4 PduR.o
                0x080116f8                PduR_Init
 .text.PduR_GetConfigurationId
                0x080117ec       0x1c PduR.o
                0x080117ec                PduR_GetConfigurationId
 .text.PduR_EnableRouting
                0x08011808       0x14 PduR.o
                0x08011808                PduR_EnableRouting
 .text.PduR_DisableRouting
                0x0801181c       0x14 PduR.o
                0x0801181c                PduR_DisableRouting
 .text          0x08011830        0x0 IoHwAb_Digital.o
 .text.__disable_irq
                0x08011830       0x10 IoHwAb_Digital.o
 .text._Irq_Save
                0x08011840       0x1c IoHwAb_Digital.o
 .text._Irq_Restore
                0x0801185c       0x14 IoHwAb_Digital.o
 .text.IoHwAb_Digital_Write_MOTOR_1
                0x08011870       0x68 IoHwAb_Digital.o
                0x08011870                IoHwAb_Digital_Write_MOTOR_1
 .text.IoHwAb_Digital_Write_MOTOR_2
                0x080118d8       0x68 IoHwAb_Digital.o
                0x080118d8                IoHwAb_Digital_Write_MOTOR_2
 .text.IoHwAb_Digital_Read_MOTOR_1
                0x08011940       0x54 IoHwAb_Digital.o
                0x08011940                IoHwAb_Digital_Read_MOTOR_1
 .text.IoHwAb_Digital_Read_EndStop
                0x08011994       0x78 IoHwAb_Digital.o
                0x08011994                IoHwAb_Digital_Read_EndStop
 .text.IoHwAb_Digital_Read_Obstacle
                0x08011a0c       0x78 IoHwAb_Digital.o
                0x08011a0c                IoHwAb_Digital_Read_Obstacle
 .text.IoHwAb_Digital_Read_MOTOR_2
                0x08011a84       0x54 IoHwAb_Digital.o
                0x08011a84                IoHwAb_Digital_Read_MOTOR_2
 .text.IoHwAb_Dcm_MOTOR_1
                0x08011ad8      0x130 IoHwAb_Digital.o
                0x08011ad8                IoHwAb_Dcm_MOTOR_1
 .text.IoHwAb_Dcm_Read_MOTOR_1
                0x08011c08       0x54 IoHwAb_Digital.o
                0x08011c08                IoHwAb_Dcm_Read_MOTOR_1
 .text.IoHwAb_Dcm_EndStop
                0x08011c5c      0x10c IoHwAb_Digital.o
                0x08011c5c                IoHwAb_Dcm_EndStop
 .text.IoHwAb_Dcm_Read_EndStop
                0x08011d68       0x54 IoHwAb_Digital.o
                0x08011d68                IoHwAb_Dcm_Read_EndStop
 .text.IoHwAb_Dcm_Obstacle
                0x08011dbc      0x10c IoHwAb_Digital.o
                0x08011dbc                IoHwAb_Dcm_Obstacle
 .text.IoHwAb_Dcm_Read_Obstacle
                0x08011ec8       0x54 IoHwAb_Digital.o
                0x08011ec8                IoHwAb_Dcm_Read_Obstacle
 .text.IoHwAb_Dcm_MOTOR_2
                0x08011f1c      0x130 IoHwAb_Digital.o
                0x08011f1c                IoHwAb_Dcm_MOTOR_2
 .text.IoHwAb_Dcm_Read_MOTOR_2
                0x0801204c       0x54 IoHwAb_Digital.o
                0x0801204c                IoHwAb_Dcm_Read_MOTOR_2
 .text.IoHwAb_Digital_Write
                0x080120a0       0x50 IoHwAb_Digital.o
                0x080120a0                IoHwAb_Digital_Write
 .text.IoHwAb_Digital_Read
                0x080120f0       0x50 IoHwAb_Digital.o
                0x080120f0                IoHwAb_Digital_Read
 .text          0x08012140        0x0 IoHwAb_Analog.o
 .text          0x08012140        0x0 IoHwAb_Pwm.o
 .text          0x08012140        0x0 ramlog.o
 .text.ramlog_chr
                0x08012140       0x54 ramlog.o
                0x08012140                ramlog_chr
 .text.ramlog_fputs
                0x08012194       0x28 ramlog.o
                0x08012194                ramlog_fputs
 .text.ramlog_puts
                0x080121bc       0x1c ramlog.o
                0x080121bc                ramlog_puts
 .text.ramlog_printf
                0x080121d8       0x48 ramlog.o
                0x080121d8                ramlog_printf
 .text.ramlog_init
                0x08012220       0x34 ramlog.o
                0x08012220                ramlog_init
 .text.Ramlog_Write
                0x08012254       0x38 ramlog.o
 .text.Ramlog_Open
                0x0801228c       0x1c ramlog.o
 .text          0x080122a8        0x0 cirq_buffer.o
 .text.__disable_irq
                0x080122a8       0x10 cirq_buffer.o
 .text._Irq_Save
                0x080122b8       0x1c cirq_buffer.o
 .text._Irq_Restore
                0x080122d4       0x14 cirq_buffer.o
 .text.CirqBuff_Init
                0x080122e8       0x54 cirq_buffer.o
                0x080122e8                CirqBuff_Init
 .text.CirqBuffStatCreate
                0x0801233c       0x54 cirq_buffer.o
                0x0801233c                CirqBuffStatCreate
 .text.CirqBuffDynCreate
                0x08012390       0x70 cirq_buffer.o
                0x08012390                CirqBuffDynCreate
 .text.CirqBuffDynDestroy
                0x08012400       0x24 cirq_buffer.o